Component: ARM Compiler 5.06 update 5 (build 528) Tool: armlink [4d35e2]

==============================================================================

Section Cross References

    startup_stm32f103xb.o(STACK) refers (Special) to heapauxi.o(.text) for __use_two_region_memory
    startup_stm32f103xb.o(HEAP) refers (Special) to heapauxi.o(.text) for __use_two_region_memory
    startup_stm32f103xb.o(RESET) refers (Special) to heapauxi.o(.text) for __use_two_region_memory
    startup_stm32f103xb.o(RESET) refers to startup_stm32f103xb.o(STACK) for __initial_sp
    startup_stm32f103xb.o(RESET) refers to startup_stm32f103xb.o(.text) for Reset_Handler
    startup_stm32f103xb.o(RESET) refers to stm32f1xx_it.o(i.NMI_Handler) for NMI_Handler
    startup_stm32f103xb.o(RESET) refers to stm32f1xx_it.o(i.HardFault_Handler) for HardFault_Handler
    startup_stm32f103xb.o(RESET) refers to stm32f1xx_it.o(i.MemManage_Handler) for MemManage_Handler
    startup_stm32f103xb.o(RESET) refers to stm32f1xx_it.o(i.BusFault_Handler) for BusFault_Handler
    startup_stm32f103xb.o(RESET) refers to stm32f1xx_it.o(i.UsageFault_Handler) for UsageFault_Handler
    startup_stm32f103xb.o(RESET) refers to stm32f1xx_it.o(i.SVC_Handler) for SVC_Handler
    startup_stm32f103xb.o(RESET) refers to stm32f1xx_it.o(i.DebugMon_Handler) for DebugMon_Handler
    startup_stm32f103xb.o(RESET) refers to stm32f1xx_it.o(i.PendSV_Handler) for PendSV_Handler
    startup_stm32f103xb.o(RESET) refers to stm32f1xx_it.o(i.SysTick_Handler) for SysTick_Handler
    startup_stm32f103xb.o(RESET) refers to stm32f1xx_it.o(i.TIM1_UP_IRQHandler) for TIM1_UP_IRQHandler
    startup_stm32f103xb.o(RESET) refers to stm32f1xx_it.o(i.USART2_IRQHandler) for USART2_IRQHandler
    startup_stm32f103xb.o(.text) refers (Special) to heapauxi.o(.text) for __use_two_region_memory
    startup_stm32f103xb.o(.text) refers to system_stm32f1xx.o(i.SystemInit) for SystemInit
    startup_stm32f103xb.o(.text) refers to __main.o(!!!main) for __main
    startup_stm32f103xb.o(.text) refers to startup_stm32f103xb.o(HEAP) for Heap_Mem
    startup_stm32f103xb.o(.text) refers to startup_stm32f103xb.o(STACK) for Stack_Mem
    main.o(i.HAL_TIM_PeriodElapsedCallback) refers to main.o(.data) for .data
    main.o(i.HAL_UART_RxCpltCallback) refers to gray.o(i.Gray_UartRxCallback) for Gray_UartRxCallback
    main.o(i.SystemClock_Config) refers to rt_memclr_w.o(.text) for __aeabi_memclr4
    main.o(i.SystemClock_Config) refers to stm32f1xx_hal_rcc.o(i.HAL_RCC_OscConfig) for HAL_RCC_OscConfig
    main.o(i.SystemClock_Config) refers to stm32f1xx_hal_rcc.o(i.HAL_RCC_ClockConfig) for HAL_RCC_ClockConfig
    main.o(i.SystemClock_Config) refers to stm32f1xx_hal_rcc_ex.o(i.HAL_RCCEx_PeriphCLKConfig) for HAL_RCCEx_PeriphCLKConfig
    main.o(i.main) refers to stm32f1xx_hal.o(i.HAL_Init) for HAL_Init
    main.o(i.main) refers to main.o(i.SystemClock_Config) for SystemClock_Config
    main.o(i.main) refers to gpio.o(i.MX_GPIO_Init) for MX_GPIO_Init
    main.o(i.main) refers to adc.o(i.MX_ADC1_Init) for MX_ADC1_Init
    main.o(i.main) refers to tim.o(i.MX_TIM2_Init) for MX_TIM2_Init
    main.o(i.main) refers to tim.o(i.MX_TIM4_Init) for MX_TIM4_Init
    main.o(i.main) refers to tim.o(i.MX_TIM1_Init) for MX_TIM1_Init
    main.o(i.main) refers to tim.o(i.MX_TIM3_Init) for MX_TIM3_Init
    main.o(i.main) refers to usart.o(i.MX_USART1_UART_Init) for MX_USART1_UART_Init
    main.o(i.main) refers to usart.o(i.MX_USART2_UART_Init) for MX_USART2_UART_Init
    main.o(i.main) refers to bsp.o(i.BSP_Init) for BSP_Init
    main.o(i.main) refers to stm32f1xx_hal_tim.o(i.HAL_TIM_Base_Start_IT) for HAL_TIM_Base_Start_IT
    main.o(i.main) refers to controller.o(i.Controller_Init) for Controller_Init
    main.o(i.main) refers to gray.o(i.Gray_SendConfig) for Gray_SendConfig
    main.o(i.main) refers to controller.o(i.gray_Controller_Update_Callback) for gray_Controller_Update_Callback
    main.o(i.main) refers to motor.o(i.Motor_GetPosition_m) for Motor_GetPosition_m
    main.o(i.main) refers to gray.o(i.Gray_GetAnalog) for Gray_GetAnalog
    main.o(i.main) refers to faddsub_clz.o(x$fpl$fadd) for __aeabi_fadd
    main.o(i.main) refers to ffix.o(x$fpl$ffix) for __aeabi_f2iz
    main.o(i.main) refers to controller.o(i.Controller_Set_Target_Position) for Controller_Set_Target_Position
    main.o(i.main) refers to controller.o(i.SetBaseSpeed) for SetBaseSpeed
    main.o(i.main) refers to gray.o(i.Gray_CalcLineErrorAnalog) for Gray_CalcLineErrorAnalog
    main.o(i.main) refers to tim.o(.bss) for htim1
    main.o(i.main) refers to main.o(.data) for .data
    main.o(i.main) refers to gray.o(.data) for gray_updated
    main.o(i.main) refers to main.o(.bss) for .bss
    gpio.o(i.MX_GPIO_Init) refers to stm32f1xx_hal_gpio.o(i.HAL_GPIO_WritePin) for HAL_GPIO_WritePin
    gpio.o(i.MX_GPIO_Init) refers to stm32f1xx_hal_gpio.o(i.HAL_GPIO_Init) for HAL_GPIO_Init
[...]
    ..\Src\gpio.c                            0x00000000   Number         0  gpio.o ABSOLUTE
    ..\Src\main.c                            0x00000000   Number         0  main.o ABSOLUTE
    ..\Src\stm32f1xx_hal_msp.c               0x00000000   Number         0  stm32f1xx_hal_msp.o ABSOLUTE
    ..\Src\stm32f1xx_it.c                    0x00000000   Number         0  stm32f1xx_it.o ABSOLUTE
    ..\Src\system_stm32f1xx.c                0x00000000   Number         0  system_stm32f1xx.o ABSOLUTE
    ..\Src\tim.c                             0x00000000   Number         0  tim.o ABSOLUTE
    ..\Src\usart.c                           0x00000000   Number         0  usart.o ABSOLUTE
    ..\\BSP\\Src\\bsp.c                      0x00000000   Number         0  bsp.o ABSOLUTE
    ..\\BSP\\Src\\controller.c               0x00000000   Number         0  controller.o ABSOLUTE
    ..\\BSP\\Src\\gray.c                     0x00000000   Number         0  gray.o ABSOLUTE
    ..\\BSP\\Src\\motor.c                    0x00000000   Number         0  motor.o ABSOLUTE
    ..\\BSP\\Src\\vofa.c                     0x00000000   Number         0  vofa.o ABSOLUTE
    dc.s                                     0x00000000   Number         0  dc.o ABSOLUTE
    startup_stm32f103xb.s                    0x00000000   Number         0  startup_stm32f103xb.o ABSOLUTE
    RESET                                    0x08000000   Section      236  startup_stm32f103xb.o(RESET)
    !!!main                                  0x080000ec   Section        8  __main.o(!!!main)
    !!!scatter                               0x080000f4   Section       52  __scatter.o(!!!scatter)
    !!handler_copy                           0x08000128   Section       26  __scatter_copy.o(!!handler_copy)
    !!handler_zi                             0x08000144   Section       28  __scatter_zi.o(!!handler_zi)
    .ARM.Collect$$libinit$$00000000          0x08000160   Section        2  libinit.o(.ARM.Collect$$libinit$$00000000)
    .ARM.Collect$$libinit$$00000002          0x08000162   Section        0  libinit2.o(.ARM.Collect$$libinit$$00000002)
    .ARM.Collect$$libinit$$00000004          0x08000162   Section        0  libinit2.o(.ARM.Collect$$libinit$$00000004)
    .ARM.Collect$$libinit$$0000000A          0x08000162   Section        0  libinit2.o(.ARM.Collect$$libinit$$0000000A)
    .ARM.Collect$$libinit$$0000000C          0x08000162   Section        0  libinit2.o(.ARM.Collect$$libinit$$0000000C)
    .ARM.Collect$$libinit$$0000000E          0x08000162   Section        0  libinit2.o(.ARM.Collect$$libinit$$0000000E)
    .ARM.Collect$$libinit$$0000000F          0x08000162   Section        6  libinit2.o(.ARM.Collect$$libinit$$0000000F)
    .ARM.Collect$$libinit$$00000011          0x08000168   Section        0  libinit2.o(.ARM.Collect$$libinit$$00000011)
    .ARM.Collect$$libinit$$00000012          0x08000168   Section       12  libinit2.o(.ARM.Collect$$libinit$$00000012)
    .ARM.Collect$$libinit$$00000013          0x08000174   Section        0  libinit2.o(.ARM.Collect$$libinit$$00000013)
    .ARM.Collect$$libinit$$00000015          0x08000174   Section        0  libinit2.o(.ARM.Collect$$libinit$$00000015)
    .ARM.Collect$$libinit$$00000017          0x08000174   Section        0  libinit2.o(.ARM.Collect$$libinit$$00000017)
    .ARM.Collect$$libinit$$00000019          0x08000174   Section        0  libinit2.o(.ARM.Collect$$libinit$$00000019)
    .ARM.Collect$$libinit$$0000001B          0x08000174   Section        0  libinit2.o(.ARM.Collect$$libinit$$0000001B)
    .ARM.Collect$$libinit$$0000001D          0x08000174   Section        0  libinit2.o(.ARM.Collect$$libinit$$0000001D)
    .ARM.Collect$$libinit$$0000001F          0x08000174   Section        0  libinit2.o(.ARM.Collect$$libinit$$0000001F)
    .ARM.Collect$$libinit$$00000021          0x08000174   Section        0  libinit2.o(.ARM.Collect$$libinit$$00000021)
    .ARM.Collect$$libinit$$00000023          0x08000174   Section        0  libinit2.o(.ARM.Collect$$libinit$$00000023)
    .ARM.Collect$$libinit$$00000025          0x08000174   Section        0  libinit2.o(.ARM.Collect$$libinit$$00000025)
    .ARM.Collect$$libinit$$0000002C          0x08000174   Section        0  libinit2.o(.ARM.Collect$$libinit$$0000002C)
    .ARM.Collect$$libinit$$0000002E          0x08000174   Section        0  libinit2.o(.ARM.Collect$$libinit$$0000002E)
    .ARM.Collect$$libinit$$00000030          0x08000174   Section        0  libinit2.o(.ARM.Collect$$libinit$$00000030)
    .ARM.Collect$$libinit$$00000032          0x08000174   Section        0  libinit2.o(.ARM.Collect$$libinit$$00000032)
    .ARM.Collect$$libinit$$00000033          0x08000174   Section        2  libinit2.o(.ARM.Collect$$libinit$$00000033)
    .ARM.Collect$$libshutdown$$00000000      0x08000176   Section        2  libshutdown.o(.ARM.Collect$$libshutdown$$00000000)
    .ARM.Collect$$libshutdown$$00000002      0x08000178   Section        0  libshutdown2.o(.ARM.Collect$$libshutdown$$00000002)
    .ARM.Collect$$libshutdown$$00000004      0x08000178   Section        0  libshutdown2.o(.ARM.Collect$$libshutdown$$00000004)
    .ARM.Collect$$libshutdown$$00000007      0x08000178   Section        0  libshutdown2.o(.ARM.Collect$$libshutdown$$00000007)
    .ARM.Collect$$libshutdown$$0000000A      0x08000178   Section        0  libshutdown2.o(.ARM.Collect$$libshutdown$$0000000A)
    .ARM.Collect$$libshutdown$$0000000C      0x08000178   Section        0  libshutdown2.o(.ARM.Collect$$libshutdown$$0000000C)
    .ARM.Collect$$libshutdown$$0000000F      0x08000178   Section        0  libshutdown2.o(.ARM.Collect$$libshutdown$$0000000F)
    .ARM.Collect$$libshutdown$$00000010      0x08000178   Section        2  libshutdown2.o(.ARM.Collect$$libshutdown$$00000010)
    .ARM.Collect$$rtentry$$00000000          0x0800017a   Section        0  __rtentry.o(.ARM.Collect$$rtentry$$00000000)
    .ARM.Collect$$rtentry$$00000002          0x0800017a   Section        0  __rtentry2.o(.ARM.Collect$$rtentry$$00000002)
    .ARM.Collect$$rtentry$$00000004          0x0800017a   Section        6  __rtentry4.o(.ARM.Collect$$rtentry$$00000004)
    .ARM.Collect$$rtentry$$00000009          0x08000180   Section        0  __rtentry2.o(.ARM.Collect$$rtentry$$00000009)
    .ARM.Collect$$rtentry$$0000000A          0x08000180   Section        4  __rtentry2.o(.ARM.Collect$$rtentry$$0000000A)
    .ARM.Collect$$rtentry$$0000000C          0x08000184   Section        0  __rtentry2.o(.ARM.Collect$$rtentry$$0000000C)
    .ARM.Collect$$rtentry$$0000000D          0x08000184   Section        8  __rtentry2.o(.ARM.Collect$$rtentry$$0000000D)
    .ARM.Collect$$rtexit$$00000000           0x0800018c   Section        2  rtexit.o(.ARM.Collect$$rtexit$$00000000)
    .ARM.Collect$$rtexit$$00000002           0x0800018e   Section        0  rtexit2.o(.ARM.Collect$$rtexit$$00000002)
    .ARM.Collect$$rtexit$$00000003           0x0800018e   Section        4  rtexit2.o(.ARM.Collect$$rtexit$$00000003)
    .ARM.Collect$$rtexit$$00000004           0x08000192   Section        6  rtexit2.o(.ARM.Collect$$rtexit$$00000004)
    .text                                    0x08000198   Section       64  startup_stm32f103xb.o(.text)
    .text                                    0x080001d8   Section        0  atoi.o(.text)
    .text                                    0x080001f2   Section        0  strchr.o(.text)
    .text                                    0x08000206   Section       68  rt_memclr.o(.text)
    .text                                    0x0800024a   Section       78  rt_memclr_w.o(.text)
    .text                                    0x08000298   Section        0  heapauxi.o(.text)
    .text                                    0x080002a0   Section        8  rt_errno_addr_intlibspace.o(.text)
    .text                                    0x080002a8   Section        0  strtol.o(.text)
    .text                                    0x08000318   Section        8  libspace.o(.text)
    .text                                    0x08000320   Section       16  rt_ctype_table.o(.text)
    .text                                    0x08000330   Section        8  rt_locale_intlibspace.o(.text)
    .text                                    0x08000338   Section        0  _strtoul.o(.text)
    .text                                    0x080003d6   Section       74  sys_stackheap_outer.o(.text)
    .text                                    0x08000420   Section        0  _chval.o(.text)
    .text                                    0x0800043c   Section        0  exit.o(.text)
    .text                                    0x08000450   Section      128  strcmpv7m.o(.text)
    .text                                    0x080004d0   Section        0  sys_exit.o(.text)
    .text                                    0x080004dc   Section        2  use_no_semi.o(.text)
    .text                                    0x080004de   Section        0  indicate_semi.o(.text)
    i.ADC_ConversionStop_Disable             0x080004e0   Section        0  stm32f1xx_hal_adc.o(i.ADC_ConversionStop_Disable)
    i.BSP_Init                               0x08000538   Section        0  bsp.o(i.BSP_Init)
    i.BusFault_Handler                       0x080005a0   Section        0  stm32f1xx_it.o(i.BusFault_Handler)
    i.Controller_Init                        0x080005a4   Section        0  controller.o(i.Controller_Init)
    i.Controller_Set_Target_Position         0x0800064c   Section        0  controller.o(i.Controller_Set_Target_Position)
    i.DebugMon_Handler                       0x0800065c   Section        0  stm32f1xx_it.o(i.DebugMon_Handler)
    i.Error_Handler                          0x0800065e   Section        0  main.o(i.Error_Handler)
    i.Gray_CalcLineErrorAnalog               0x08000664   Section        0  gray.o(i.Gray_CalcLineErrorAnalog)
    i.Gray_GetAnalog                         0x080006e0   Section        0  gray.o(i.Gray_GetAnalog)
    i.Gray_Init                              0x080006f4   Section        0  gray.o(i.Gray_Init)
    i.Gray_ParseFrame                        0x08000728   Section        0  gray.o(i.Gray_ParseFrame)
    Gray_ParseFrame                          0x08000729   Thumb Code   122  gray.o(i.Gray_ParseFrame)
    i.Gray_SendConfig                        0x080007ac   Section        0  gray.o(i.Gray_SendConfig)
    i.Gray_UartRxCallback                    0x080007ec   Section        0  gray.o(i.Gray_UartRxCallback)
    i.HAL_ADC_ConfigChannel                  0x08000848   Section        0  stm32f1xx_hal_adc.o(i.HAL_ADC_ConfigChannel)
    i.HAL_ADC_Init                           0x08000944   Section        0  stm32f1xx_hal_adc.o(i.HAL_ADC_Init)
    i.HAL_ADC_MspInit                        0x08000a60   Section        0  adc.o(i.HAL_ADC_MspInit)
    i.HAL_DMA_Abort                          0x08000ab8   Section        0  stm32f1xx_hal_dma.o(i.HAL_DMA_Abort)
    i.HAL_DMA_Abort_IT                       0x08000b00   Section        0  stm32f1xx_hal_dma.o(i.HAL_DMA_Abort_IT)
    i.HAL_GPIO_Init                          0x08000b98   Section        0  stm32f1xx_hal_gpio.o(i.HAL_GPIO_Init)
    i.HAL_GPIO_WritePin                      0x08000d78   Section        0  stm32f1xx_hal_gpio.o(i.HAL_GPIO_WritePin)
    i.HAL_GetTick                            0x08000d84   Section        0  stm32f1xx_hal.o(i.HAL_GetTick)
    i.HAL_IncTick                            0x08000d90   Section        0  stm32f1xx_hal.o(i.HAL_IncTick)
    i.HAL_Init                               0x08000da0   Section        0  stm32f1xx_hal.o(i.HAL_Init)
    i.HAL_InitTick                           0x08000dc4   Section        0  stm32f1xx_hal.o(i.HAL_InitTick)
    i.HAL_MspInit                            0x08000e04   Section        0  stm32f1xx_hal_msp.o(i.HAL_MspInit)
    i.HAL_NVIC_EnableIRQ                     0x08000e40   Section        0  stm32f1xx_hal_cortex.o(i.HAL_NVIC_EnableIRQ)
    i.HAL_NVIC_SetPriority                   0x08000e5c   Section        0  stm32f1xx_hal_cortex.o(i.HAL_NVIC_SetPriority)
    i.HAL_NVIC_SetPriorityGrouping           0x08000e9c   Section        0  stm32f1xx_hal_cortex.o(i.HAL_NVIC_SetPriorityGrouping)
    i.HAL_RCCEx_PeriphCLKConfig              0x08000ec0   Section        0  stm32f1xx_hal_rcc_ex.o(i.HAL_RCCEx_PeriphCLKConfig)
    i.HAL_RCC_ClockConfig                    0x08000fac   Section        0  stm32f1xx_hal_rcc.o(i.HAL_RCC_ClockConfig)
    i.HAL_RCC_GetPCLK1Freq                   0x080010d8   Section        0  stm32f1xx_hal_rcc.o(i.HAL_RCC_GetPCLK1Freq)
    i.HAL_RCC_GetPCLK2Freq                   0x080010f8   Section        0  stm32f1xx_hal_rcc.o(i.HAL_RCC_GetPCLK2Freq)
    i.HAL_RCC_GetSysClockFreq                0x08001118   Section        0  stm32f1xx_hal_rcc.o(i.HAL_RCC_GetSysClockFreq)
    i.HAL_RCC_OscConfig                      0x08001164   Section        0  stm32f1xx_hal_rcc.o(i.HAL_RCC_OscConfig)
    i.HAL_SYSTICK_Config                     0x08001484   Section        0  stm32f1xx_hal_cortex.o(i.HAL_SYSTICK_Config)
    i.HAL_TIMEx_BreakCallback                0x080014ac   Section        0  stm32f1xx_hal_tim_ex.o(i.HAL_TIMEx_BreakCallback)
    i.HAL_TIMEx_CommutCallback               0x080014ae   Section        0  stm32f1xx_hal_tim_ex.o(i.HAL_TIMEx_CommutCallback)
    i.HAL_TIMEx_MasterConfigSynchronization  0x080014b0   Section        0  stm32f1xx_hal_tim_ex.o(i.HAL_TIMEx_MasterConfigSynchronization)
    i.HAL_TIM_Base_Init                      0x08001518   Section        0  stm32f1xx_hal_tim.o(i.HAL_TIM_Base_Init)
    i.HAL_TIM_Base_MspInit                   0x08001574   Section        0  tim.o(i.HAL_TIM_Base_MspInit)
    i.HAL_TIM_Base_Start_IT                  0x080015b0   Section        0  stm32f1xx_hal_tim.o(i.HAL_TIM_Base_Start_IT)
    i.HAL_TIM_ConfigClockSource              0x08001608   Section        0  stm32f1xx_hal_tim.o(i.HAL_TIM_ConfigClockSource)
    i.HAL_TIM_Encoder_Init                   0x080016e4   Section        0  stm32f1xx_hal_tim.o(i.HAL_TIM_Encoder_Init)
    i.HAL_TIM_Encoder_MspInit                0x08001788   Section        0  tim.o(i.HAL_TIM_Encoder_MspInit)
    i.HAL_TIM_Encoder_Start                  0x08001814   Section        0  stm32f1xx_hal_tim.o(i.HAL_TIM_Encoder_Start)
    i.HAL_TIM_IC_CaptureCallback             0x080018a2   Section        0  stm32f1xx_hal_tim.o(i.HAL_TIM_IC_CaptureCallback)
    i.HAL_TIM_IRQHandler                     0x080018a4   Section        0  stm32f1xx_hal_tim.o(i.HAL_TIM_IRQHandler)
    i.HAL_TIM_MspPostInit                    0x080019d4   Section        0  tim.o(i.HAL_TIM_MspPostInit)
    i.HAL_TIM_OC_DelayElapsedCallback        0x08001a20   Section        0  stm32f1xx_hal_tim.o(i.HAL_TIM_OC_DelayElapsedCallback)
    i.HAL_TIM_PWM_ConfigChannel              0x08001a22   Section        0  stm32f1xx_hal_tim.o(i.HAL_TIM_PWM_ConfigChannel)
    i.HAL_TIM_PWM_Init                       0x08001aee   Section        0  stm32f1xx_hal_tim.o(i.HAL_TIM_PWM_Init)
    i.HAL_TIM_PWM_MspInit                    0x08001b48   Section        0  tim.o(i.HAL_TIM_PWM_MspInit)
    i.HAL_TIM_PWM_PulseFinishedCallback      0x08001b70   Section        0  stm32f1xx_hal_tim.o(i.HAL_TIM_PWM_PulseFinishedCallback)
    i.HAL_TIM_PWM_Start                      0x08001b74   Section        0  stm32f1xx_hal_tim.o(i.HAL_TIM_PWM_Start)
    i.HAL_TIM_PeriodElapsedCallback          0x08001c10   Section        0  main.o(i.HAL_TIM_PeriodElapsedCallback)
    i.HAL_TIM_TriggerCallback                0x08001c28   Section        0  stm32f1xx_hal_tim.o(i.HAL_TIM_TriggerCallback)
    i.HAL_UARTEx_RxEventCallback             0x08001c2a   Section        0  stm32f1xx_hal_uart.o(i.HAL_UARTEx_RxEventCallback)
    i.HAL_UART_ErrorCallback                 0x08001c2c   Section        0  stm32f1xx_hal_uart.o(i.HAL_UART_ErrorCallback)
    i.HAL_UART_IRQHandler                    0x08001c30   Section        0  stm32f1xx_hal_uart.o(i.HAL_UART_IRQHandler)
    i.HAL_UART_Init                          0x08001e9c   Section        0  stm32f1xx_hal_uart.o(i.HAL_UART_Init)
    i.HAL_UART_MspInit                       0x08001f00   Section        0  usart.o(i.HAL_UART_MspInit)
    i.HAL_UART_Receive_IT                    0x08001fcc   Section        0  stm32f1xx_hal_uart.o(i.HAL_UART_Receive_IT)
    i.HAL_UART_RxCpltCallback                0x08001fe8   Section        0  main.o(i.HAL_UART_RxCpltCallback)
    i.HAL_UART_Transmit                      0x08001ffc   Section        0  stm32f1xx_hal_uart.o(i.HAL_UART_Transmit)
    i.HAL_UART_TxCpltCallback                0x0800209c   Section        0  stm32f1xx_hal_uart.o(i.HAL_UART_TxCpltCallback)
    i.HardFault_Handler                      0x0800209e   Section        0  stm32f1xx_it.o(i.HardFault_Handler)
    i.MX_ADC1_Init                           0x080020a0   Section        0  adc.o(i.MX_ADC1_Init)
    i.MX_GPIO_Init                           0x080020f0   Section        0  gpio.o(i.MX_GPIO_Init)
    i.MX_TIM1_Init                           0x08002160   Section        0  tim.o(i.MX_TIM1_Init)
    i.MX_TIM2_Init                           0x080021c8   Section        0  tim.o(i.MX_TIM2_Init)
    i.MX_TIM3_Init                           0x08002230   Section        0  tim.o(i.MX_TIM3_Init)
    i.MX_TIM4_Init                           0x080022b0   Section        0  tim.o(i.MX_TIM4_Init)
    i.MX_USART1_UART_Init                    0x0800231c   Section        0  usart.o(i.MX_USART1_UART_Init)
    i.MX_USART2_UART_Init                    0x08002354   Section        0  usart.o(i.MX_USART2_UART_Init)
    i.MemManage_Handler                      0x0800238c   Section        0  stm32f1xx_it.o(i.MemManage_Handler)
    i.Motor_GetPosition_m                    0x08002390   Section        0  motor.o(i.Motor_GetPosition_m)
    i.Motor_Init                             0x080023b0   Section        0  motor.o(i.Motor_Init)
    i.Motor_Set_PWM                          0x080023fc   Section        0  motor.o(i.Motor_Set_PWM)
    i.Motor_Update_Speed                     0x08002498   Section        0  motor.o(i.Motor_Update_Speed)
    i.NMI_Handler                            0x080024fc   Section        0  stm32f1xx_it.o(i.NMI_Handler)
    i.PID_Calculate                          0x080024fe   Section        0  pid.o(i.PID_Calculate)
    i.PID_Init                               0x08002588   Section        0  pid.o(i.PID_Init)
    i.PendSV_Handler                         0x080025a2   Section        0  stm32f1xx_it.o(i.PendSV_Handler)
    i.SVC_Handler                            0x080025a4   Section        0  stm32f1xx_it.o(i.SVC_Handler)
    i.SetBaseSpeed                           0x080025a8   Section        0  controller.o(i.SetBaseSpeed)
    i.SysTick_Handler                        0x080025f8   Section        0  stm32f1xx_it.o(i.SysTick_Handler)
    i.SystemClock_Config                     0x080025fc   Section        0  main.o(i.SystemClock_Config)
    i.SystemInit                             0x08002674   Section        0  system_stm32f1xx.o(i.SystemInit)
    i.TIM1_UP_IRQHandler                     0x08002678   Section        0  stm32f1xx_it.o(i.TIM1_UP_IRQHandler)
    i.TIM_Base_SetConfig                     0x08002684   Section        0  stm32f1xx_hal_tim.o(i.TIM_Base_SetConfig)
    i.TIM_CCxChannelCmd                      0x080026fc   Section        0  stm32f1xx_hal_tim.o(i.TIM_CCxChannelCmd)
    i.TIM_ETR_SetConfig                      0x08002716   Section        0  stm32f1xx_hal_tim.o(i.TIM_ETR_SetConfig)
    i.TIM_ITRx_SetConfig                     0x0800272a   Section        0  stm32f1xx_hal_tim.o(i.TIM_ITRx_SetConfig)
    TIM_ITRx_SetConfig                       0x0800272b   Thumb Code    16  stm32f1xx_hal_tim.o(i.TIM_ITRx_SetConfig)
    i.TIM_OC1_SetConfig                      0x0800273c   Section        0  stm32f1xx_hal_tim.o(i.TIM_OC1_SetConfig)
    TIM_OC1_SetConfig                        0x0800273d   Thumb Code    74  stm32f1xx_hal_tim.o(i.TIM_OC1_SetConfig)
    i.TIM_OC2_SetConfig                      0x0800278c   Section        0  stm32f1xx_hal_tim.o(i.TIM_OC2_SetConfig)
    i.TIM_OC3_SetConfig                      0x080027e4   Section        0  stm32f1xx_hal_tim.o(i.TIM_OC3_SetConfig)
    TIM_OC3_SetConfig                        0x080027e5   Thumb Code    82  stm32f1xx_hal_tim.o(i.TIM_OC3_SetConfig)
    i.TIM_OC4_SetConfig                      0x0800283c   Section        0  stm32f1xx_hal_tim.o(i.TIM_OC4_SetConfig)
    TIM_OC4_SetConfig                        0x0800283d   Thumb Code    64  stm32f1xx_hal_tim.o(i.TIM_OC4_SetConfig)
    i.TIM_TI1_ConfigInputStage               0x08002880   Section        0  stm32f1xx_hal_tim.o(i.TIM_TI1_ConfigInputStage)
    TIM_TI1_ConfigInputStage                 0x08002881   Thumb Code    34  stm32f1xx_hal_tim.o(i.TIM_TI1_ConfigInputStage)
    i.TIM_TI2_ConfigInputStage               0x080028a2   Section        0  stm32f1xx_hal_tim.o(i.TIM_TI2_ConfigInputStage)
    TIM_TI2_ConfigInputStage                 0x080028a3   Thumb Code    36  stm32f1xx_hal_tim.o(i.TIM_TI2_ConfigInputStage)
    i.UART_DMAAbortOnError                   0x080028c6   Section        0  stm32f1xx_hal_uart.o(i.UART_DMAAbortOnError)
    UART_DMAAbortOnError                     0x080028c7   Thumb Code    16  stm32f1xx_hal_uart.o(i.UART_DMAAbortOnError)
    i.UART_EndRxTransfer                     0x080028d6   Section        0  stm32f1xx_hal_uart.o(i.UART_EndRxTransfer)
    UART_EndRxTransfer                       0x080028d7   Thumb Code    78  stm32f1xx_hal_uart.o(i.UART_EndRxTransfer)
    i.UART_Receive_IT                        0x08002924   Section        0  stm32f1xx_hal_uart.o(i.UART_Receive_IT)
    UART_Receive_IT                          0x08002925   Thumb Code   194  stm32f1xx_hal_uart.o(i.UART_Receive_IT)
    i.UART_SetConfig                         0x080029e8   Section        0  stm32f1xx_hal_uart.o(i.UART_SetConfig)
    UART_SetConfig                           0x080029e9   Thumb Code   178  stm32f1xx_hal_uart.o(i.UART_SetConfig)
    i.UART_Start_Receive_IT                  0x08002aa0   Section        0  stm32f1xx_hal_uart.o(i.UART_Start_Receive_IT)
    i.UART_WaitOnFlagUntilTimeout            0x08002ad6   Section        0  stm32f1xx_hal_uart.o(i.UART_WaitOnFlagUntilTimeout)
    UART_WaitOnFlagUntilTimeout              0x08002ad7   Thumb Code   114  stm32f1xx_hal_uart.o(i.UART_WaitOnFlagUntilTimeout)
    i.USART2_IRQHandler                      0x08002b48   Section        0  stm32f1xx_it.o(i.USART2_IRQHandler)
    i.UsageFault_Handler                     0x08002b54   Section        0  stm32f1xx_it.o(i.UsageFault_Handler)
    i.VOFA_Init                              0x08002b58   Section        0  vofa.o(i.VOFA_Init)
    i.__NVIC_SetPriority                     0x08002b64   Section        0  stm32f1xx_hal_cortex.o(i.__NVIC_SetPriority)
    __NVIC_SetPriority                       0x08002b65   Thumb Code    32  stm32f1xx_hal_cortex.o(i.__NVIC_SetPriority)
    i.gray_Controller_Update_Callback        0x08002b84   Section        0  controller.o(i.gray_Controller_Update_Callback)
    i.main                                   0x08002c38   Section        0  main.o(i.main)
    locale$$code                             0x08002cfc   Section       44  lc_ctype_c.o(locale$$code)
    x$fpl$fadd                               0x08002d28   Section      196  faddsub_clz.o(x$fpl$fadd)
    _fadd1                                   0x08002d37   Thumb Code     0  faddsub_clz.o(x$fpl$fadd)
    x$fpl$fcmpinf                            0x08002dec   Section       24  fcmpi.o(x$fpl$fcmpinf)
    x$fpl$fdiv                               0x08002e04   Section      388  fdiv.o(x$fpl$fdiv)
    _fdiv1                                   0x08002e05   Thumb Code     0  fdiv.o(x$fpl$fdiv)
    x$fpl$ffix                               0x08002f88   Section       54  ffix.o(x$fpl$ffix)
    x$fpl$fflt                               0x08002fc0   Section       48  fflt_clz.o(x$fpl$fflt)
    x$fpl$ffltu                              0x08002ff0   Section       38  fflt_clz.o(x$fpl$ffltu)
    x$fpl$fleqf                              0x08003018   Section      104  fleqf.o(x$fpl$fleqf)
    x$fpl$fmul                               0x08003080   Section      258  fmul.o(x$fpl$fmul)
    x$fpl$fnaninf                            0x08003182   Section      140  fnaninf.o(x$fpl$fnaninf)
    x$fpl$fretinf                            0x0800320e   Section       10  fretinf.o(x$fpl$fretinf)
    x$fpl$frleqf                             0x08003218   Section       98  frleqf.o(x$fpl$frleqf)
    x$fpl$frsb                               0x0800327a   Section       20  faddsub_clz.o(x$fpl$frsb)
    x$fpl$fsub                               0x08003290   Section      234  faddsub_clz.o(x$fpl$fsub)
    _fsub1                                   0x0800329f   Thumb Code     0  faddsub_clz.o(x$fpl$fsub)
    .constdata                               0x0800337a   Section       18  stm32f1xx_hal_rcc.o(.constdata)
    x$fpl$usenofp                            0x0800337a   Section        0  usenofp.o(x$fpl$usenofp)
    aPredivFactorTable                       0x0800337a   Data           2  stm32f1xx_hal_rcc.o(.constdata)
    aPLLMULFactorTable                       0x0800337c   Data          16  stm32f1xx_hal_rcc.o(.constdata)
    .constdata                               0x0800338c   Section       16  system_stm32f1xx.o(.constdata)
    .constdata                               0x0800339c   Section        8  system_stm32f1xx.o(.constdata)
    .constdata                               0x080033a4   Section       32  gray.o(.constdata)
    s_pos                                    0x080033a4   Data          32  gray.o(.constdata)
    locale$$data                             0x080033e4   Section      272  lc_ctype_c.o(locale$$data)
    __lcctype_c_name                         0x080033e8   Data           2  lc_ctype_c.o(locale$$data)
    __lcctype_c_start                        0x080033f0   Data           0  lc_ctype_c.o(locale$$data)
    __lcctype_c_end                          0x080034f4   Data           0  lc_ctype_c.o(locale$$data)
    .data                                    0x20000000   Section       12  main.o(.data)
    begin                                    0x20000001   Data           1  main.o(.data)
    .data                                    0x2000000c   Section       12  stm32f1xx_hal.o(.data)
    .data                                    0x20000018   Section        4  system_stm32f1xx.o(.data)
    .data                                    0x2000001c   Section        4  vofa.o(.data)
    vofa_huart                               0x2000001c   Data           4  vofa.o(.data)
    .data                                    0x20000020   Section       20  gray.o(.data)
    started                                  0x20000021   Data           1  gray.o(.data)
    s_rx_byte                                0x20000022   Data           1  gray.o(.data)
    s_frame_idx                              0x20000024   Data           2  gray.o(.data)
    s_huart                                  0x20000028   Data           4  gray.o(.data)
    .bss                                     0x20000034   Section       48  main.o(.bss)
    .bss                                     0x20000064   Section       48  main.o(.bss)
    .bss                                     0x20000094   Section       96  main.o(.bss)
    .bss                                     0x200000f4   Section       48  main.o(.bss)
    .bss                                     0x20000124   Section       48  main.o(.bss)
    .bss                                     0x20000154   Section       48  main.o(.bss)
    .bss                                     0x20000184   Section       48  adc.o(.bss)
    .bss                                     0x200001b4   Section      288  tim.o(.bss)
    .bss                                     0x200002d4   Section      144  usart.o(.bss)
    .bss                                     0x20000364   Section       80  gray.o(.bss)
    s_frame                                  0x20000374   Data          64  gray.o(.bss)
    .bss                                     0x200003b4   Section       96  libspace.o(.bss)
    HEAP                                     0x20000418   Section      512  startup_stm32f103xb.o(HEAP)
    Heap_Mem                                 0x20000418   Data         512  startup_stm32f103xb.o(HEAP)
    STACK                                    0x20000618   Section     1024  startup_stm32f103xb.o(STACK)
    Stack_Mem                                0x20000618   Data        1024  startup_stm32f103xb.o(STACK)
    __initial_sp                             0x20000a18   Data           0  startup_stm32f103xb.o(STACK)

    Global Symbols

    Symbol Name                              Value     Ov Type        Size  Object(Section)

    BuildAttributes$$THM_ISAv4$P$D$K$B$S$PE$A:L22UL41UL21$X:L11$S22US41US21$IEEE1$IW$USESV6$~STKCKD$USESV7$~SHL$OTIME$ROPI$IEEEJ$EBA8$UX$STANDARDLIB$REQ8$PRES8$EABIv2 0x00000000   Number         0  anon$$obj.o ABSOLUTE
    __ARM_use_no_argv                        0x00000000   Number         0  main.o ABSOLUTE
    _printf_flags                            0x00000000   Number         0  printf_stubs.o ABSOLUTE
    _printf_return_value                     0x00000000   Number         0  printf_stubs.o ABSOLUTE
    _printf_sizespec                         0x00000000   Number         0  printf_stubs.o ABSOLUTE
    _printf_widthprec                        0x00000000   Number         0  printf_stubs.o ABSOLUTE
    __ARM_exceptions_init                     - Undefined Weak Reference
    __alloca_initialize                       - Undefined Weak Reference
    __arm_preinit_                            - Undefined Weak Reference
    __cpp_initialize__aeabi_                  - Undefined Weak Reference
    __cxa_finalize                            - Undefined Weak Reference
    __sigvec_lookup                           - Undefined Weak Reference
    _atexit_init                              - Undefined Weak Reference
    _call_atexit_fns                          - Undefined Weak Reference
    _clock_init                               - Undefined Weak Reference
    _fp_trap_init                             - Undefined Weak Reference
    _fp_trap_shutdown                         - Undefined Weak Reference
    _get_lc_collate                           - Undefined Weak Reference
    _get_lc_monetary                          - Undefined Weak Reference
    _get_lc_time                              - Undefined Weak Reference
    _getenv_init                              - Undefined Weak Reference
    _handle_redirection                       - Undefined Weak Reference
    _init_alloc                               - Undefined Weak Reference
    _init_user_alloc                          - Undefined Weak Reference
    _initio                                   - Undefined Weak Reference
    _printf_post_padding                      - Undefined Weak Reference
    _printf_pre_padding                       - Undefined Weak Reference
    _rand_init                                - Undefined Weak Reference
    _signal_finish                            - Undefined Weak Reference
    _signal_init                              - Undefined Weak Reference
    _terminate_alloc                          - Undefined Weak Reference
    _terminate_user_alloc                     - Undefined Weak Reference
    _terminateio                              - Undefined Weak Reference
    __Vectors_Size                           0x000000ec   Number         0  startup_stm32f103xb.o ABSOLUTE
    __Vectors                                0x08000000   Data           4  startup_stm32f103xb.o(RESET)
    __Vectors_End                            0x080000ec   Data           0  startup_stm32f103xb.o(RESET)
    __main                                   0x080000ed   Thumb Code     8  __main.o(!!!main)
    __scatterload                            0x080000f5   Thumb Code     0  __scatter.o(!!!scatter)
    __scatterload_rt2                        0x080000f5   Thumb Code    44  __scatter.o(!!!scatter)
    __scatterload_rt2_thumb_only             0x080000f5   Thumb Code     0  __scatter.o(!!!scatter)
    __scatterload_null                       0x08000103   Thumb Code     0  __scatter.o(!!!scatter)
    __scatterload_copy                       0x08000129   Thumb Code    26  __scatter_copy.o(!!handler_copy)
    __scatterload_zeroinit                   0x08000145   Thumb Code    28  __scatter_zi.o(!!handler_zi)
    __rt_lib_init                            0x08000161   Thumb Code     0  libinit.o(.ARM.Collect$$libinit$$00000000)
    __rt_lib_init_fp_1                       0x08000163   Thumb Code     0  libinit2.o(.ARM.Collect$$libinit$$00000002)
    __rt_lib_init_heap_1                     0x08000163   Thumb Code     0  libinit2.o(.ARM.Collect$$libinit$$0000000A)
    __rt_lib_init_lc_common                  0x08000163   Thumb Code     0  libinit2.o(.ARM.Collect$$libinit$$0000000F)
    __rt_lib_init_preinit_1                  0x08000163   Thumb Code     0  libinit2.o(.ARM.Collect$$libinit$$00000004)
    __rt_lib_init_rand_1                     0x08000163   Thumb Code     0  libinit2.o(.ARM.Collect$$libinit$$0000000E)
    __rt_lib_init_user_alloc_1               0x08000163   Thumb Code     0  libinit2.o(.ARM.Collect$$libinit$$0000000C)
    __rt_lib_init_lc_collate_1               0x08000169   Thumb Code     0  libinit2.o(.ARM.Collect$$libinit$$00000011)
    __rt_lib_init_lc_ctype_2                 0x08000169   Thumb Code     0  libinit2.o(.ARM.Collect$$libinit$$00000012)
    __rt_lib_init_alloca_1                   0x08000175   Thumb Code     0  libinit2.o(.ARM.Collect$$libinit$$0000002E)
    __rt_lib_init_argv_1                     0x08000175   Thumb Code     0  libinit2.o(.ARM.Collect$$libinit$$0000002C)
    __rt_lib_init_atexit_1                   0x08000175   Thumb Code     0  libinit2.o(.ARM.Collect$$libinit$$0000001B)
    __rt_lib_init_clock_1                    0x08000175   Thumb Code     0  libinit2.o(.ARM.Collect$$libinit$$00000021)
    __rt_lib_init_cpp_1                      0x08000175   Thumb Code     0  libinit2.o(.ARM.Collect$$libinit$$00000032)
    __rt_lib_init_exceptions_1               0x08000175   Thumb Code     0  libinit2.o(.ARM.Collect$$libinit$$00000030)
    __rt_lib_init_fp_trap_1                  0x08000175   Thumb Code     0  libinit2.o(.ARM.Collect$$libinit$$0000001F)
    __rt_lib_init_getenv_1                   0x08000175   Thumb Code     0  libinit2.o(.ARM.Collect$$libinit$$00000023)
    __rt_lib_init_lc_ctype_1                 0x08000175   Thumb Code     0  libinit2.o(.ARM.Collect$$libinit$$00000013)
    __rt_lib_init_lc_monetary_1              0x08000175   Thumb Code     0  libinit2.o(.ARM.Collect$$libinit$$00000015)
    __rt_lib_init_lc_numeric_1               0x08000175   Thumb Code     0  libinit2.o(.ARM.Collect$$libinit$$00000017)
    __rt_lib_init_lc_time_1                  0x08000175   Thumb Code     0  libinit2.o(.ARM.Collect$$libinit$$00000019)
    __rt_lib_init_return                     0x08000175   Thumb Code     0  libinit2.o(.ARM.Collect$$libinit$$00000033)
    __rt_lib_init_signal_1                   0x08000175   Thumb Code     0  libinit2.o(.ARM.Collect$$libinit$$0000001D)
    __rt_lib_init_stdio_1                    0x08000175   Thumb Code     0  libinit2.o(.ARM.Collect$$libinit$$00000025)
    __rt_lib_shutdown                        0x08000177   Thumb Code     0  libshutdown.o(.ARM.Collect$$libshutdown$$00000000)
    __rt_lib_shutdown_cpp_1                  0x08000179   Thumb Code     0  libshutdown2.o(.ARM.Collect$$libshutdown$$00000002)
    __rt_lib_shutdown_fp_trap_1              0x08000179   Thumb Code     0  libshutdown2.o(.ARM.Collect$$libshutdown$$00000007)
    __rt_lib_shutdown_heap_1                 0x08000179   Thumb Code     0  libshutdown2.o(.ARM.Collect$$libshutdown$$0000000F)
    __rt_lib_shutdown_return                 0x08000179   Thumb Code     0  libshutdown2.o(.ARM.Collect$$libshutdown$$00000010)
    __rt_lib_shutdown_signal_1               0x08000179   Thumb Code     0  libshutdown2.o(.ARM.Collect$$libshutdown$$0000000A)
    __rt_lib_shutdown_stdio_1                0x08000179   Thumb Code     0  libshutdown2.o(.ARM.Collect$$libshutdown$$00000004)
    __rt_lib_shutdown_user_alloc_1           0x08000179   Thumb Code     0  libshutdown2.o(.ARM.Collect$$libshutdown$$0000000C)
    __rt_entry                               0x0800017b   Thumb Code     0  __rtentry.o(.ARM.Collect$$rtentry$$00000000)
    __rt_entry_presh_1                       0x0800017b   Thumb Code     0  __rtentry2.o(.ARM.Collect$$rtentry$$00000002)
    __rt_entry_sh                            0x0800017b   Thumb Code     0  __rtentry4.o(.ARM.Collect$$rtentry$$00000004)
    __rt_entry_li                            0x08000181   Thumb Code     0  __rtentry2.o(.ARM.Collect$$rtentry$$0000000A)
    __rt_entry_postsh_1                      0x08000181   Thumb Code     0  __rtentry2.o(.ARM.Collect$$rtentry$$00000009)
    __rt_entry_main                          0x08000185   Thumb Code     0  __rtentry2.o(.ARM.Collect$$rtentry$$0000000D)
    __rt_entry_postli_1                      0x08000185   Thumb Code     0  __rtentry2.o(.ARM.Collect$$rtentry$$0000000C)
    __rt_exit                                0x0800018d   Thumb Code     0  rtexit.o(.ARM.Collect$$rtexit$$00000000)
    __rt_exit_ls                             0x0800018f   Thumb Code     0  rtexit2.o(.ARM.Collect$$rtexit$$00000003)
    __rt_exit_prels_1                        0x0800018f   Thumb Code     0  rtexit2.o(.ARM.Collect$$rtexit$$00000002)
    __rt_exit_exit                           0x08000193   Thumb Code     0  rtexit2.o(.ARM.Collect$$rtexit$$00000004)
    Reset_Handler                            0x08000199   Thumb Code     8  startup_stm32f103xb.o(.text)
    ADC1_2_IRQHandler                        0x080001b3   Thumb Code     0  startup_stm32f103xb.o(.text)
    CAN1_RX1_IRQHandler                      0x080001b3   Thumb Code     0  startup_stm32f103xb.o(.text)
    CAN1_SCE_IRQHandler                      0x080001b3   Thumb Code     0  startup_stm32f103xb.o(.text)
    DMA1_Channel1_IRQHandler                 0x080001b3   Thumb Code     0  startup_stm32f103xb.o(.text)
    DMA1_Channel2_IRQHandler                 0x080001b3   Thumb Code     0  startup_stm32f103xb.o(.text)
    DMA1_Channel3_IRQHandler                 0x080001b3   Thumb Code     0  startup_stm32f103xb.o(.text)
    DMA1_Channel4_IRQHandler                 0x080001b3   Thumb Code     0  startup_stm32f103xb.o(.text)
    DMA1_Channel5_IRQHandler                 0x080001b3   Thumb Code     0  startup_stm32f103xb.o(.text)
    DMA1_Channel6_IRQHandler                 0x080001b3   Thumb Code     0  startup_stm32f103xb.o(.text)
    DMA1_Channel7_IRQHandler                 0x080001b3   Thumb Code     0  startup_stm32f103xb.o(.text)
    EXTI0_IRQHandler                         0x080001b3   Thumb Code     0  startup_stm32f103xb.o(.text)
    EXTI15_10_IRQHandler                     0x080001b3   Thumb Code     0  startup_stm32f103xb.o(.text)
    EXTI1_IRQHandler                         0x080001b3   Thumb Code     0  startup_stm32f103xb.o(.text)
    EXTI2_IRQHandler                         0x080001b3   Thumb Code     0  startup_stm32f103xb.o(.text)
    EXTI3_IRQHandler                         0x080001b3   Thumb Code     0  startup_stm32f103xb.o(.text)
    EXTI4_IRQHandler                         0x080001b3   Thumb Code     0  startup_stm32f103xb.o(.text)
    EXTI9_5_IRQHandler                       0x080001b3   Thumb Code     0  startup_stm32f103xb.o(.text)
    FLASH_IRQHandler                         0x080001b3   Thumb Code     0  startup_stm32f103xb.o(.text)
    I2C1_ER_IRQHandler                       0x080001b3   Thumb Code     0  startup_stm32f103xb.o(.text)
    I2C1_EV_IRQHandler                       0x080001b3   Thumb Code     0  startup_stm32f103xb.o(.text)
    I2C2_ER_IRQHandler                       0x080001b3   Thumb Code     0  startup_stm32f103xb.o(.text)
    I2C2_EV_IRQHandler                       0x080001b3   Thumb Code     0  startup_stm32f103xb.o(.text)
    PVD_IRQHandler                           0x080001b3   Thumb Code     0  startup_stm32f103xb.o(.text)
    RCC_IRQHandler                           0x080001b3   Thumb Code     0  startup_stm32f103xb.o(.text)
    RTC_Alarm_IRQHandler                     0x080001b3   Thumb Code     0  startup_stm32f103xb.o(.text)
    RTC_IRQHandler                           0x080001b3   Thumb Code     0  startup_stm32f103xb.o(.text)
    SPI1_IRQHandler                          0x080001b3   Thumb Code     0  startup_stm32f103xb.o(.text)
    SPI2_IRQHandler                          0x080001b3   Thumb Code     0  startup_stm32f103xb.o(.text)
    TAMPER_IRQHandler                        0x080001b3   Thumb Code     0  startup_stm32f103xb.o(.text)
    TIM1_BRK_IRQHandler                      0x080001b3   Thumb Code     0  startup_stm32f103xb.o(.text)
    TIM1_CC_IRQHandler                       0x080001b3   Thumb Code     0  startup_stm32f103xb.o(.text)
    TIM1_TRG_COM_IRQHandler                  0x080001b3   Thumb Code     0  startup_stm32f103xb.o(.text)
    TIM2_IRQHandler                          0x080001b3   Thumb Code     0  startup_stm32f103xb.o(.text)
    TIM3_IRQHandler                          0x080001b3   Thumb Code     0  startup_stm32f103xb.o(.text)
    TIM4_IRQHandler                          0x080001b3   Thumb Code     0  startup_stm32f103xb.o(.text)
    USART1_IRQHandler                        0x080001b3   Thumb Code     0  startup_stm32f103xb.o(.text)
    USART3_IRQHandler                        0x080001b3   Thumb Code     0  startup_stm32f103xb.o(.text)
    USBWakeUp_IRQHandler                     0x080001b3   Thumb Code     0  startup_stm32f103xb.o(.text)
    USB_HP_CAN1_TX_IRQHandler                0x080001b3   Thumb Code     0  startup_stm32f103xb.o(.text)
    USB_LP_CAN1_RX0_IRQHandler               0x080001b3   Thumb Code     0  startup_stm32f103xb.o(.text)
    WWDG_IRQHandler                          0x080001b3   Thumb Code     0  startup_stm32f103xb.o(.text)
    __user_initial_stackheap                 0x080001b5   Thumb Code     0  startup_stm32f103xb.o(.text)
    atoi                                     0x080001d9   Thumb Code    26  atoi.o(.text)
    strchr                                   0x080001f3   Thumb Code    20  strchr.o(.text)
    __aeabi_memclr                           0x08000207   Thumb Code     0  rt_memclr.o(.text)
    __rt_memclr                              0x08000207   Thumb Code    68  rt_memclr.o(.text)
    _memset                                  0x0800020b   Thumb Code     0  rt_memclr.o(.text)
    __aeabi_memclr4                          0x0800024b   Thumb Code     0  rt_memclr_w.o(.text)
    __aeabi_memclr8                          0x0800024b   Thumb Code     0  rt_memclr_w.o(.text)
    __rt_memclr_w                            0x0800024b   Thumb Code    78  rt_memclr_w.o(.text)
    _memset_w                                0x0800024f   Thumb Code     0  rt_memclr_w.o(.text)
    __use_two_region_memory                  0x08000299   Thumb Code     2  heapauxi.o(.text)
    __rt_heap_escrow$2region                 0x0800029b   Thumb Code     2  heapauxi.o(.text)
    __rt_heap_expand$2region                 0x0800029d   Thumb Code     2  heapauxi.o(.text)
    __aeabi_errno_addr                       0x080002a1   Thumb Code     8  rt_errno_addr_intlibspace.o(.text)
    __errno$intlibspace                      0x080002a1   Thumb Code     0  rt_errno_addr_intlibspace.o(.text)
    __rt_errno_addr$intlibspace              0x080002a1   Thumb Code     0  rt_errno_addr_intlibspace.o(.text)
    strtol                                   0x080002a9   Thumb Code   112  strtol.o(.text)
    __user_libspace                          0x08000319   Thumb Code     8  libspace.o(.text)
    __user_perproc_libspace                  0x08000319   Thumb Code     0  libspace.o(.text)
    __user_perthread_libspace                0x08000319   Thumb Code     0  libspace.o(.text)
    __rt_ctype_table                         0x08000321   Thumb Code    16  rt_ctype_table.o(.text)
    __rt_locale                              0x08000331   Thumb Code     8  rt_locale_intlibspace.o(.text)
    _strtoul                                 0x08000339   Thumb Code   158  _strtoul.o(.text)
    __user_setup_stackheap                   0x080003d7   Thumb Code    74  sys_stackheap_outer.o(.text)
    _chval                                   0x08000421   Thumb Code    28  _chval.o(.text)
    exit                                     0x0800043d   Thumb Code    18  exit.o(.text)
    strcmp                                   0x08000451   Thumb Code   128  strcmpv7m.o(.text)
    _sys_exit                                0x080004d1   Thumb Code     8  sys_exit.o(.text)
    __I$use$semihosting                      0x080004dd   Thumb Code     0  use_no_semi.o(.text)
    __use_no_semihosting_swi                 0x080004dd   Thumb Code     2  use_no_semi.o(.text)
    __semihosting_library_function           0x080004df   Thumb Code     0  indicate_semi.o(.text)
    ADC_ConversionStop_Disable               0x080004e1   Thumb Code    86  stm32f1xx_hal_adc.o(i.ADC_ConversionStop_Disable)
    BSP_Init                                 0x08000539   Thumb Code    72  bsp.o(i.BSP_Init)
    BusFault_Handler                         0x080005a1   Thumb Code     2  stm32f1xx_it.o(i.BusFault_Handler)
    Controller_Init                          0x080005a5   Thumb Code   110  controller.o(i.Controller_Init)
    Controller_Set_Target_Position           0x0800064d   Thumb Code    12  controller.o(i.Controller_Set_Target_Position)
    DebugMon_Handler                         0x0800065d   Thumb Code     2  stm32f1xx_it.o(i.DebugMon_Handler)
    Error_Handler                            0x0800065f   Thumb Code     4  main.o(i.Error_Handler)
    Gray_CalcLineErrorAnalog                 0x08000665   Thumb Code   108  gray.o(i.Gray_CalcLineErrorAnalog)
    Gray_GetAnalog                           0x080006e1   Thumb Code    16  gray.o(i.Gray_GetAnalog)
    Gray_Init                                0x080006f5   Thumb Code    42  gray.o(i.Gray_Init)
    Gray_SendConfig                          0x080007ad   Thumb Code    52  gray.o(i.Gray_SendConfig)
    Gray_UartRxCallback                      0x080007ed   Thumb Code    82  gray.o(i.Gray_UartRxCallback)
    HAL_ADC_ConfigChannel                    0x08000849   Thumb Code   240  stm32f1xx_hal_adc.o(i.HAL_ADC_ConfigChannel)
    HAL_ADC_Init                             0x08000945   Thumb Code   272  stm32f1xx_hal_adc.o(i.HAL_ADC_Init)
    HAL_ADC_MspInit                          0x08000a61   Thumb Code    76  adc.o(i.HAL_ADC_MspInit)
    HAL_DMA_Abort                            0x08000ab9   Thumb Code    70  stm32f1xx_hal_dma.o(i.HAL_DMA_Abort)
    HAL_DMA_Abort_IT                         0x08000b01   Thumb Code   148  stm32f1xx_hal_dma.o(i.HAL_DMA_Abort_IT)
    HAL_GPIO_Init                            0x08000b99   Thumb Code   446  stm32f1xx_hal_gpio.o(i.HAL_GPIO_Init)
    HAL_GPIO_WritePin                        0x08000d79   Thumb Code    10  stm32f1xx_hal_gpio.o(i.HAL_GPIO_WritePin)
    HAL_GetTick                              0x08000d85   Thumb Code     6  stm32f1xx_hal.o(i.HAL_GetTick)
    HAL_IncTick                              0x08000d91   Thumb Code    12  stm32f1xx_hal.o(i.HAL_IncTick)
    HAL_Init                                 0x08000da1   Thumb Code    32  stm32f1xx_hal.o(i.HAL_Init)
    HAL_InitTick                             0x08000dc5   Thumb Code    54  stm32f1xx_hal.o(i.HAL_InitTick)
    HAL_MspInit                              0x08000e05   Thumb Code    52  stm32f1xx_hal_msp.o(i.HAL_MspInit)
    HAL_NVIC_EnableIRQ                       0x08000e41   Thumb Code    26  stm32f1xx_hal_cortex.o(i.HAL_NVIC_EnableIRQ)
    HAL_NVIC_SetPriority                     0x08000e5d   Thumb Code    60  stm32f1xx_hal_cortex.o(i.HAL_NVIC_SetPriority)
    HAL_NVIC_SetPriorityGrouping             0x08000e9d   Thumb Code    26  stm32f1xx_hal_cortex.o(i.HAL_NVIC_SetPriorityGrouping)
    HAL_RCCEx_PeriphCLKConfig                0x08000ec1   Thumb Code   224  stm32f1xx_hal_rcc_ex.o(i.HAL_RCCEx_PeriphCLKConfig)
    HAL_RCC_ClockConfig                      0x08000fad   Thumb Code   280  stm32f1xx_hal_rcc.o(i.HAL_RCC_ClockConfig)
    HAL_RCC_GetPCLK1Freq                     0x080010d9   Thumb Code    20  stm32f1xx_hal_rcc.o(i.HAL_RCC_GetPCLK1Freq)
    HAL_RCC_GetPCLK2Freq                     0x080010f9   Thumb Code    20  stm32f1xx_hal_rcc.o(i.HAL_RCC_GetPCLK2Freq)
    HAL_RCC_GetSysClockFreq                  0x08001119   Thumb Code    58  stm32f1xx_hal_rcc.o(i.HAL_RCC_GetSysClockFreq)
    HAL_RCC_OscConfig                        0x08001165   Thumb Code   778  stm32f1xx_hal_rcc.o(i.HAL_RCC_OscConfig)
    HAL_SYSTICK_Config                       0x08001485   Thumb Code    40  stm32f1xx_hal_cortex.o(i.HAL_SYSTICK_Config)
    HAL_TIMEx_BreakCallback                  0x080014ad   Thumb Code     2  stm32f1xx_hal_tim_ex.o(i.HAL_TIMEx_BreakCallback)
    HAL_TIMEx_CommutCallback                 0x080014af   Thumb Code     2  stm32f1xx_hal_tim_ex.o(i.HAL_TIMEx_CommutCallback)
    HAL_TIMEx_MasterConfigSynchronization    0x080014b1   Thumb Code    92  stm32f1xx_hal_tim_ex.o(i.HAL_TIMEx_MasterConfigSynchronization)
    HAL_TIM_Base_Init                        0x08001519   Thumb Code    90  stm32f1xx_hal_tim.o(i.HAL_TIM_Base_Init)
    HAL_TIM_Base_MspInit                     0x08001575   Thumb Code    50  tim.o(i.HAL_TIM_Base_MspInit)
    HAL_TIM_Base_Start_IT                    0x080015b1   Thumb Code    76  stm32f1xx_hal_tim.o(i.HAL_TIM_Base_Start_IT)
    HAL_TIM_ConfigClockSource                0x08001609   Thumb Code   220  stm32f1xx_hal_tim.o(i.HAL_TIM_ConfigClockSource)
    HAL_TIM_Encoder_Init                     0x080016e5   Thumb Code   164  stm32f1xx_hal_tim.o(i.HAL_TIM_Encoder_Init)
    HAL_TIM_Encoder_MspInit                  0x08001789   Thumb Code   122  tim.o(i.HAL_TIM_Encoder_MspInit)
    HAL_TIM_Encoder_Start                    0x08001815   Thumb Code   142  stm32f1xx_hal_tim.o(i.HAL_TIM_Encoder_Start)
    HAL_TIM_IC_CaptureCallback               0x080018a3   Thumb Code     2  stm32f1xx_hal_tim.o(i.HAL_TIM_IC_CaptureCallback)
    HAL_TIM_IRQHandler                       0x080018a5   Thumb Code   304  stm32f1xx_hal_tim.o(i.HAL_TIM_IRQHandler)
    HAL_TIM_MspPostInit                      0x080019d5   Thumb Code    62  tim.o(i.HAL_TIM_MspPostInit)
    HAL_TIM_OC_DelayElapsedCallback          0x08001a21   Thumb Code     2  stm32f1xx_hal_tim.o(i.HAL_TIM_OC_DelayElapsedCallback)
    HAL_TIM_PWM_ConfigChannel                0x08001a23   Thumb Code   204  stm32f1xx_hal_tim.o(i.HAL_TIM_PWM_ConfigChannel)
    HAL_TIM_PWM_Init                         0x08001aef   Thumb Code    90  stm32f1xx_hal_tim.o(i.HAL_TIM_PWM_Init)
    HAL_TIM_PWM_MspInit                      0x08001b49   Thumb Code    30  tim.o(i.HAL_TIM_PWM_MspInit)
    HAL_TIM_PWM_PulseFinishedCallback        0x08001b71   Thumb Code     2  stm32f1xx_hal_tim.o(i.HAL_TIM_PWM_PulseFinishedCallback)
    HAL_TIM_PWM_Start                        0x08001b75   Thumb Code   144  stm32f1xx_hal_tim.o(i.HAL_TIM_PWM_Start)
    HAL_TIM_PeriodElapsedCallback            0x08001c11   Thumb Code    16  main.o(i.HAL_TIM_PeriodElapsedCallback)
    HAL_TIM_TriggerCallback                  0x08001c29   Thumb Code     2  stm32f1xx_hal_tim.o(i.HAL_TIM_TriggerCallback)
    HAL_UARTEx_RxEventCallback               0x08001c2b   Thumb Code     2  stm32f1xx_hal_uart.o(i.HAL_UARTEx_RxEventCallback)
    HAL_UART_ErrorCallback                   0x08001c2d   Thumb Code     2  stm32f1xx_hal_uart.o(i.HAL_UART_ErrorCallback)
    HAL_UART_IRQHandler                      0x08001c31   Thumb Code   616  stm32f1xx_hal_uart.o(i.HAL_UART_IRQHandler)
    HAL_UART_Init                            0x08001e9d   Thumb Code   100  stm32f1xx_hal_uart.o(i.HAL_UART_Init)
    HAL_UART_MspInit                         0x08001f01   Thumb Code   186  usart.o(i.HAL_UART_MspInit)
    HAL_UART_Receive_IT                      0x08001fcd   Thumb Code    28  stm32f1xx_hal_uart.o(i.HAL_UART_Receive_IT)
    HAL_UART_RxCpltCallback                  0x08001fe9   Thumb Code    14  main.o(i.HAL_UART_RxCpltCallback)
    HAL_UART_Transmit                        0x08001ffd   Thumb Code   160  stm32f1xx_hal_uart.o(i.HAL_UART_Transmit)
    HAL_UART_TxCpltCallback                  0x0800209d   Thumb Code     2  stm32f1xx_hal_uart.o(i.HAL_UART_TxCpltCallback)
    HardFault_Handler                        0x0800209f   Thumb Code     2  stm32f1xx_it.o(i.HardFault_Handler)
    MX_ADC1_Init                             0x080020a1   Thumb Code    70  adc.o(i.MX_ADC1_Init)
    MX_GPIO_Init                             0x080020f1   Thumb Code   104  gpio.o(i.MX_GPIO_Init)
    MX_TIM1_Init                             0x08002161   Thumb Code    96  tim.o(i.MX_TIM1_Init)
    MX_TIM2_Init                             0x080021c9   Thumb Code   100  tim.o(i.MX_TIM2_Init)
    MX_TIM3_Init                             0x08002231   Thumb Code   120  tim.o(i.MX_TIM3_Init)
    MX_TIM4_Init                             0x080022b1   Thumb Code    98  tim.o(i.MX_TIM4_Init)
    MX_USART1_UART_Init                      0x0800231d   Thumb Code    48  usart.o(i.MX_USART1_UART_Init)
    MX_USART2_UART_Init                      0x08002355   Thumb Code    48  usart.o(i.MX_USART2_UART_Init)
    MemManage_Handler                        0x0800238d   Thumb Code     2  stm32f1xx_it.o(i.MemManage_Handler)
    Motor_GetPosition_m                      0x08002391   Thumb Code    26  motor.o(i.Motor_GetPosition_m)
    Motor_Init                               0x080023b1   Thumb Code    72  motor.o(i.Motor_Init)
    Motor_Set_PWM                            0x080023fd   Thumb Code   154  motor.o(i.Motor_Set_PWM)
    Motor_Update_Speed                       0x08002499   Thumb Code    90  motor.o(i.Motor_Update_Speed)
    NMI_Handler                              0x080024fd   Thumb Code     2  stm32f1xx_it.o(i.NMI_Handler)
    PID_Calculate                            0x080024ff   Thumb Code   138  pid.o(i.PID_Calculate)
    PID_Init                                 0x08002589   Thumb Code    26  pid.o(i.PID_Init)
    PendSV_Handler                           0x080025a3   Thumb Code     2  stm32f1xx_it.o(i.PendSV_Handler)
    SVC_Handler                              0x080025a5   Thumb Code     2  stm32f1xx_it.o(i.SVC_Handler)
    SetBaseSpeed                             0x080025a9   Thumb Code    56  controller.o(i.SetBaseSpeed)
    SysTick_Handler                          0x080025f9   Thumb Code     4  stm32f1xx_it.o(i.SysTick_Handler)
    SystemClock_Config                       0x080025fd   Thumb Code   120  main.o(i.SystemClock_Config)
    SystemInit                               0x08002675   Thumb Code     2  system_stm32f1xx.o(i.SystemInit)
    TIM1_UP_IRQHandler                       0x08002679   Thumb Code     6  stm32f1xx_it.o(i.TIM1_UP_IRQHandler)
    TIM_Base_SetConfig                       0x08002685   Thumb Code   108  stm32f1xx_hal_tim.o(i.TIM_Base_SetConfig)
    TIM_CCxChannelCmd                        0x080026fd   Thumb Code    26  stm32f1xx_hal_tim.o(i.TIM_CCxChannelCmd)
    TIM_ETR_SetConfig                        0x08002717   Thumb Code    20  stm32f1xx_hal_tim.o(i.TIM_ETR_SetConfig)
    TIM_OC2_SetConfig                        0x0800278d   Thumb Code    84  stm32f1xx_hal_tim.o(i.TIM_OC2_SetConfig)
    UART_Start_Receive_IT                    0x08002aa1   Thumb Code    54  stm32f1xx_hal_uart.o(i.UART_Start_Receive_IT)
    USART2_IRQHandler                        0x08002b49   Thumb Code     6  stm32f1xx_it.o(i.USART2_IRQHandler)
    UsageFault_Handler                       0x08002b55   Thumb Code     2  stm32f1xx_it.o(i.UsageFault_Handler)
    VOFA_Init                                0x08002b59   Thumb Code     6  vofa.o(i.VOFA_Init)
    gray_Controller_Update_Callback          0x08002b85   Thumb Code   148  controller.o(i.gray_Controller_Update_Callback)
    main                                     0x08002c39   Thumb Code   170  main.o(i.main)
    _get_lc_ctype                            0x08002cfd   Thumb Code    44  lc_ctype_c.o(locale$$code)
    __aeabi_fadd                             0x08002d29   Thumb Code     0  faddsub_clz.o(x$fpl$fadd)
    _fadd                                    0x08002d29   Thumb Code   196  faddsub_clz.o(x$fpl$fadd)
    __fpl_fcmp_Inf                           0x08002ded   Thumb Code    24  fcmpi.o(x$fpl$fcmpinf)
    __aeabi_fdiv                             0x08002e05   Thumb Code     0  fdiv.o(x$fpl$fdiv)
    _fdiv                                    0x08002e05   Thumb Code   384  fdiv.o(x$fpl$fdiv)
    __aeabi_f2iz                             0x08002f89   Thumb Code     0  ffix.o(x$fpl$ffix)
    _ffix                                    0x08002f89   Thumb Code    54  ffix.o(x$fpl$ffix)
    __aeabi_i2f                              0x08002fc1   Thumb Code     0  fflt_clz.o(x$fpl$fflt)
    _fflt                                    0x08002fc1   Thumb Code    48  fflt_clz.o(x$fpl$fflt)
    __aeabi_ui2f                             0x08002ff1   Thumb Code     0  fflt_clz.o(x$fpl$ffltu)
    _ffltu                                   0x08002ff1   Thumb Code    38  fflt_clz.o(x$fpl$ffltu)
    __aeabi_cfcmple                          0x08003019   Thumb Code     0  fleqf.o(x$fpl$fleqf)
    _fcmple                                  0x08003019   Thumb Code   104  fleqf.o(x$fpl$fleqf)
    __fpl_fcmple_InfNaN                      0x0800306b   Thumb Code     0  fleqf.o(x$fpl$fleqf)
    __aeabi_fmul                             0x08003081   Thumb Code     0  fmul.o(x$fpl$fmul)
    _fmul                                    0x08003081   Thumb Code   258  fmul.o(x$fpl$fmul)
    __fpl_fnaninf                            0x08003183   Thumb Code   140  fnaninf.o(x$fpl$fnaninf)
    __fpl_fretinf                            0x0800320f   Thumb Code    10  fretinf.o(x$fpl$fretinf)
    __aeabi_cfrcmple                         0x08003219   Thumb Code     0  frleqf.o(x$fpl$frleqf)
    _frcmple                                 0x08003219   Thumb Code    98  frleqf.o(x$fpl$frleqf)
    __aeabi_frsub                            0x0800327b   Thumb Code     0  faddsub_clz.o(x$fpl$frsb)
    _frsb                                    0x0800327b   Thumb Code    20  faddsub_clz.o(x$fpl$frsb)
    __aeabi_fsub                             0x08003291   Thumb Code     0  faddsub_clz.o(x$fpl$fsub)
    _fsub                                    0x08003291   Thumb Code   234  faddsub_clz.o(x$fpl$fsub)
    __I$use$fp                               0x0800337a   Number         0  usenofp.o(x$fpl$usenofp)
    AHBPrescTable                            0x0800338c   Data          16  system_stm32f1xx.o(.constdata)
    APBPrescTable                            0x0800339c   Data           8  system_stm32f1xx.o(.constdata)
    Region$$Table$$Base                      0x080033c4   Number         0  anon$$obj.o(Region$$Table)
    Region$$Table$$Limit                     0x080033e4   Number         0  anon$$obj.o(Region$$Table)
    __ctype                                  0x080033f1   Data           0  lc_ctype_c.o(locale$$data)
    Controller_ready                         0x20000000   Data           1  main.o(.data)
    BaseSpeed                                0x20000004   Data           4  main.o(.data)
    pos_error                                0x20000008   Data           4  main.o(.data)
    uwTickFreq                               0x2000000c   Data           1  stm32f1xx_hal.o(.data)
    uwTickPrio                               0x20000010   Data           4  stm32f1xx_hal.o(.data)
    uwTick                                   0x20000014   Data           4  stm32f1xx_hal.o(.data)
    SystemCoreClock                          0x20000018   Data           4  system_stm32f1xx.o(.data)
    gray_updated                             0x20000020   Data           1  gray.o(.data)
    gray_digital                             0x2000002c   Data           8  gray.o(.data)
    A_speed_pid                              0x20000034   Data          48  main.o(.bss)
    B_speed_pid                              0x20000064   Data          48  main.o(.bss)
    A_position_pid                           0x20000094   Data          48  main.o(.bss)
    A_left_motor                             0x200000c4   Data          48  main.o(.bss)
    B_position_pid                           0x200000f4   Data          48  main.o(.bss)
    gray_position_pid                        0x20000124   Data          48  main.o(.bss)
    B_right_motor                            0x20000154   Data          48  main.o(.bss)
    hadc1                                    0x20000184   Data          48  adc.o(.bss)
    htim1                                    0x200001b4   Data          72  tim.o(.bss)
    htim2                                    0x200001fc   Data          72  tim.o(.bss)
    htim3                                    0x20000244   Data          72  tim.o(.bss)
    htim4                                    0x2000028c   Data          72  tim.o(.bss)
    huart1                                   0x200002d4   Data          72  usart.o(.bss)
    huart2                                   0x2000031c   Data          72  usart.o(.bss)
    gray_analog                              0x20000364   Data          16  gray.o(.bss)
    __libspace_start                         0x200003b4   Data          96  libspace.o(.bss)
    __temporary_stack_top$libspace           0x20000414   Data           0  libspace.o(.bss)



==============================================================================

Memory Map of the image

  Image Entry point : 0x080000ed

  Load Region LR_IROM1 (Base: 0x08000000, Size: 0x00003528, Max: 0x00010000, ABSOLUTE)

    Execution Region ER_IROM1 (Exec base: 0x08000000, Load base: 0x08000000, Size: 0x000034f4, Max: 0x00010000, ABSOLUTE)

    Exec Addr    Load Addr    Size         Type   Attr      Idx    E Section Name        Object

    0x08000000   0x08000000   0x000000ec   Data   RO            3    RESET               startup_stm32f103xb.o
    0x080000ec   0x080000ec   0x00000008   Code   RO         3478  * !!!main             c_w.l(__main.o)
    0x080000f4   0x080000f4   0x00000034   Code   RO         3744    !!!scatter          c_w.l(__scatter.o)
    0x08000128   0x08000128   0x0000001a   Code   RO         3746    !!handler_copy      c_w.l(__scatter_copy.o)
    0x08000142   0x08000142   0x00000002   PAD
    0x08000144   0x08000144   0x0000001c   Code   RO         3748    !!handler_zi        c_w.l(__scatter_zi.o)
    0x08000160   0x08000160   0x00000002   Code   RO         3617    .ARM.Collect$$libinit$$00000000  c_w.l(libinit.o)
    0x08000162   0x08000162   0x00000000   Code   RO         3619    .ARM.Collect$$libinit$$00000002  c_w.l(libinit2.o)
    0x08000162   0x08000162   0x00000000   Code   RO         3621    .ARM.Collect$$libinit$$00000004  c_w.l(libinit2.o)
    0x08000162   0x08000162   0x00000000   Code   RO         3624    .ARM.Collect$$libinit$$0000000A  c_w.l(libinit2.o)
    0x08000162   0x08000162   0x00000000   Code   RO         3626    .ARM.Collect$$libinit$$0000000C  c_w.l(libinit2.o)
    0x08000162   0x08000162   0x00000000   Code   RO         3628    .ARM.Collect$$libinit$$0000000E  c_w.l(libinit2.o)
    0x08000162   0x08000162   0x00000006   Code   RO         3629    .ARM.Collect$$libinit$$0000000F  c_w.l(libinit2.o)
    0x08000168   0x08000168   0x00000000   Code   RO         3631    .ARM.Collect$$libinit$$00000011  c_w.l(libinit2.o)
    0x08000168   0x08000168   0x0000000c   Code   RO         3632    .ARM.Collect$$libinit$$00000012  c_w.l(libinit2.o)
    0x08000174   0x08000174   0x00000000   Code   RO         3633    .ARM.Collect$$libinit$$00000013  c_w.l(libinit2.o)
    0x08000174   0x08000174   0x00000000   Code   RO         3635    .ARM.Collect$$libinit$$00000015  c_w.l(libinit2.o)
    0x08000174   0x08000174   0x00000000   Code   RO         3637    .ARM.Collect$$libinit$$00000017  c_w.l(libinit2.o)
    0x08000174   0x08000174   0x00000000   Code   RO         3639    .ARM.Collect$$libinit$$00000019  c_w.l(libinit2.o)
    0x08000174   0x08000174   0x00000000   Code   RO         3641    .ARM.Collect$$libinit$$0000001B  c_w.l(libinit2.o)
    0x08000174   0x08000174   0x00000000   Code   RO         3643    .ARM.Collect$$libinit$$0000001D  c_w.l(libinit2.o)
    0x08000174   0x08000174   0x00000000   Code   RO         3645    .ARM.Collect$$libinit$$0000001F  c_w.l(libinit2.o)
    0x08000174   0x08000174   0x00000000   Code   RO         3647    .ARM.Collect$$libinit$$00000021  c_w.l(libinit2.o)
    0x08000174   0x08000174   0x00000000   Code   RO         3649    .ARM.Collect$$libinit$$00000023  c_w.l(libinit2.o)
    0x08000174   0x08000174   0x00000000   Code   RO         3651    .ARM.Collect$$libinit$$00000025  c_w.l(libinit2.o)
    0x08000174   0x08000174   0x00000000   Code   RO         3655    .ARM.Collect$$libinit$$0000002C  c_w.l(libinit2.o)
    0x08000174   0x08000174   0x00000000   Code   RO         3657    .ARM.Collect$$libinit$$0000002E  c_w.l(libinit2.o)
    0x08000174   0x08000174   0x00000000   Code   RO         3659    .ARM.Collect$$libinit$$00000030  c_w.l(libinit2.o)
    0x08000174   0x08000174   0x00000000   Code   RO         3661    .ARM.Collect$$libinit$$00000032  c_w.l(libinit2.o)
    0x08000174   0x08000174   0x00000002   Code   RO         3662    .ARM.Collect$$libinit$$00000033  c_w.l(libinit2.o)
    0x08000176   0x08000176   0x00000002   Code   RO         3692    .ARM.Collect$$libshutdown$$00000000  c_w.l(libshutdown.o)
    0x08000178   0x08000178   0x00000000   Code   RO         3703    .ARM.Collect$$libshutdown$$00000002  c_w.l(libshutdown2.o)
    0x08000178   0x08000178   0x00000000   Code   RO         3705    .ARM.Collect$$libshutdown$$00000004  c_w.l(libshutdown2.o)
    0x08000178   0x08000178   0x00000000   Code   RO         3708    .ARM.Collect$$libshutdown$$00000007  c_w.l(libshutdown2.o)
    0x08000178   0x08000178   0x00000000   Code   RO         3711    .ARM.Collect$$libshutdown$$0000000A  c_w.l(libshutdown2.o)
    0x08000178   0x08000178   0x00000000   Code   RO         3713    .ARM.Collect$$libshutdown$$0000000C  c_w.l(libshutdown2.o)
    0x08000178   0x08000178   0x00000000   Code   RO         3716    .ARM.Collect$$libshutdown$$0000000F  c_w.l(libshutdown2.o)
    0x08000178   0x08000178   0x00000002   Code   RO         3717    .ARM.Collect$$libshutdown$$00000010  c_w.l(libshutdown2.o)
    0x0800017a   0x0800017a   0x00000000   Code   RO         3510    .ARM.Collect$$rtentry$$00000000  c_w.l(__rtentry.o)
    0x0800017a   0x0800017a   0x00000000   Code   RO         3540    .ARM.Collect$$rtentry$$00000002  c_w.l(__rtentry2.o)
    0x0800017a   0x0800017a   0x00000006   Code   RO         3552    .ARM.Collect$$rtentry$$00000004  c_w.l(__rtentry4.o)
    0x08000180   0x08000180   0x00000000   Code   RO         3542    .ARM.Collect$$rtentry$$00000009  c_w.l(__rtentry2.o)
    0x08000180   0x08000180   0x00000004   Code   RO         3543    .ARM.Collect$$rtentry$$0000000A  c_w.l(__rtentry2.o)
    0x08000184   0x08000184   0x00000000   Code   RO         3545    .ARM.Collect$$rtentry$$0000000C  c_w.l(__rtentry2.o)
    0x08000184   0x08000184   0x00000008   Code   RO         3546    .ARM.Collect$$rtentry$$0000000D  c_w.l(__rtentry2.o)
    0x0800018c   0x0800018c   0x00000002   Code   RO         3663    .ARM.Collect$$rtexit$$00000000  c_w.l(rtexit.o)
    0x0800018e   0x0800018e   0x00000000   Code   RO         3670    .ARM.Collect$$rtexit$$00000002  c_w.l(rtexit2.o)
    0x0800018e   0x0800018e   0x00000004   Code   RO         3671    .ARM.Collect$$rtexit$$00000003  c_w.l(rtexit2.o)
    0x08000192   0x08000192   0x00000006   Code   RO         3672    .ARM.Collect$$rtexit$$00000004  c_w.l(rtexit2.o)
    0x08000198   0x08000198   0x00000040   Code   RO            4    .text               startup_stm32f103xb.o
    0x080001d8   0x080001d8   0x0000001a   Code   RO         3468    .text               c_w.l(atoi.o)
    0x080001f2   0x080001f2   0x00000014   Code   RO         3470    .text               c_w.l(strchr.o)
    0x08000206   0x08000206   0x00000044   Code   RO         3472    .text               c_w.l(rt_memclr.o)
    0x0800024a   0x0800024a   0x0000004e   Code   RO         3474    .text               c_w.l(rt_memclr_w.o)
    0x08000298   0x08000298   0x00000006   Code   RO         3476    .text               c_w.l(heapauxi.o)
    0x0800029e   0x0800029e   0x00000002   PAD
    0x080002a0   0x080002a0   0x00000008   Code   RO         3514    .text               c_w.l(rt_errno_addr_intlibspace.o)
    0x080002a8   0x080002a8   0x00000070   Code   RO         3525    .text               c_w.l(strtol.o)
    0x08000318   0x08000318   0x00000008   Code   RO         3536    .text               c_w.l(libspace.o)
    0x08000320   0x08000320   0x00000010   Code   RO         3554    .text               c_w.l(rt_ctype_table.o)
    0x08000330   0x08000330   0x00000008   Code   RO         3559    .text               c_w.l(rt_locale_intlibspace.o)
    0x08000338   0x08000338   0x0000009e   Code   RO         3567    .text               c_w.l(_strtoul.o)
    0x080003d6   0x080003d6   0x0000004a   Code   RO         3601    .text               c_w.l(sys_stackheap_outer.o)
    0x08000420   0x08000420   0x0000001c   Code   RO         3603    .text               c_w.l(_chval.o)
    0x0800043c   0x0800043c   0x00000012   Code   RO         3608    .text               c_w.l(exit.o)
    0x0800044e   0x0800044e   0x00000002   PAD
    0x08000450   0x08000450   0x00000080   Code   RO         3610    .text               c_w.l(strcmpv7m.o)
    0x080004d0   0x080004d0   0x0000000c   Code   RO         3682    .text               c_w.l(sys_exit.o)
    0x080004dc   0x080004dc   0x00000002   Code   RO         3693    .text               c_w.l(use_no_semi.o)
    0x080004de   0x080004de   0x00000000   Code   RO         3695    .text               c_w.l(indicate_semi.o)
    0x080004de   0x080004de   0x00000002   PAD
    0x080004e0   0x080004e0   0x00000056   Code   RO          552    i.ADC_ConversionStop_Disable  stm32f1xx_hal_adc.o
    0x08000536   0x08000536   0x00000002   PAD
    0x08000538   0x08000538   0x00000068   Code   RO         3179    i.BSP_Init          bsp.o
    0x080005a0   0x080005a0   0x00000002   Code   RO          404    i.BusFault_Handler  stm32f1xx_it.o
    0x080005a2   0x080005a2   0x00000002   PAD
    0x080005a4   0x080005a4   0x000000a8   Code   RO         3204    i.Controller_Init   controller.o
    0x0800064c   0x0800064c   0x00000010   Code   RO         3205    i.Controller_Set_Target_Position  controller.o
    0x0800065c   0x0800065c   0x00000002   Code   RO          405    i.DebugMon_Handler  stm32f1xx_it.o
    0x0800065e   0x0800065e   0x00000004   Code   RO           13    i.Error_Handler     main.o
    0x08000662   0x08000662   0x00000002   PAD
    0x08000664   0x08000664   0x0000007c   Code   RO         3367    i.Gray_CalcLineErrorAnalog  gray.o
    0x080006e0   0x080006e0   0x00000014   Code   RO         3368    i.Gray_GetAnalog    gray.o
    0x080006f4   0x080006f4   0x00000034   Code   RO         3370    i.Gray_Init         gray.o
    0x08000728   0x08000728   0x00000084   Code   RO         3371    i.Gray_ParseFrame   gray.o
    0x080007ac   0x080007ac   0x00000040   Code   RO         3372    i.Gray_SendConfig   gray.o
    0x080007ec   0x080007ec   0x0000005c   Code   RO         3373    i.Gray_UartRxCallback  gray.o
    0x08000848   0x08000848   0x000000fc   Code   RO          558    i.HAL_ADC_ConfigChannel  stm32f1xx_hal_adc.o
    0x08000944   0x08000944   0x0000011c   Code   RO          567    i.HAL_ADC_Init      stm32f1xx_hal_adc.o
    0x08000a60   0x08000a60   0x00000058   Code   RO          225    i.HAL_ADC_MspInit   adc.o
    0x08000ab8   0x08000ab8   0x00000046   Code   RO         1209    i.HAL_DMA_Abort     stm32f1xx_hal_dma.o
    0x08000afe   0x08000afe   0x00000002   PAD
    0x08000b00   0x08000b00   0x00000098   Code   RO         1210    i.HAL_DMA_Abort_IT  stm32f1xx_hal_dma.o
    0x08000b98   0x08000b98   0x000001e0   Code   RO         1145    i.HAL_GPIO_Init     stm32f1xx_hal_gpio.o
    0x08000d78   0x08000d78   0x0000000a   Code   RO         1149    i.HAL_GPIO_WritePin  stm32f1xx_hal_gpio.o
    0x08000d82   0x08000d82   0x00000002   PAD
    0x08000d84   0x08000d84   0x0000000c   Code   RO          839    i.HAL_GetTick       stm32f1xx_hal.o
    0x08000d90   0x08000d90   0x00000010   Code   RO          845    i.HAL_IncTick       stm32f1xx_hal.o
    0x08000da0   0x08000da0   0x00000024   Code   RO          846    i.HAL_Init          stm32f1xx_hal.o
    0x08000dc4   0x08000dc4   0x00000040   Code   RO          847    i.HAL_InitTick      stm32f1xx_hal.o
    0x08000e04   0x08000e04   0x0000003c   Code   RO          492    i.HAL_MspInit       stm32f1xx_hal_msp.o
    0x08000e40   0x08000e40   0x0000001a   Code   RO         1305    i.HAL_NVIC_EnableIRQ  stm32f1xx_hal_cortex.o
    0x08000e5a   0x08000e5a   0x00000002   PAD
    0x08000e5c   0x08000e5c   0x00000040   Code   RO         1311    i.HAL_NVIC_SetPriority  stm32f1xx_hal_cortex.o
    0x08000e9c   0x08000e9c   0x00000024   Code   RO         1312    i.HAL_NVIC_SetPriorityGrouping  stm32f1xx_hal_cortex.o
    0x08000ec0   0x08000ec0   0x000000ec   Code   RO         1107    i.HAL_RCCEx_PeriphCLKConfig  stm32f1xx_hal_rcc_ex.o
    0x08000fac   0x08000fac   0x0000012c   Code   RO         1003    i.HAL_RCC_ClockConfig  stm32f1xx_hal_rcc.o
    0x080010d8   0x080010d8   0x00000020   Code   RO         1010    i.HAL_RCC_GetPCLK1Freq  stm32f1xx_hal_rcc.o
    0x080010f8   0x080010f8   0x00000020   Code   RO         1011    i.HAL_RCC_GetPCLK2Freq  stm32f1xx_hal_rcc.o
    0x08001118   0x08001118   0x0000004c   Code   RO         1012    i.HAL_RCC_GetSysClockFreq  stm32f1xx_hal_rcc.o
    0x08001164   0x08001164   0x00000320   Code   RO         1015    i.HAL_RCC_OscConfig  stm32f1xx_hal_rcc.o
    0x08001484   0x08001484   0x00000028   Code   RO         1316    i.HAL_SYSTICK_Config  stm32f1xx_hal_cortex.o
    0x080014ac   0x080014ac   0x00000002   Code   RO         2511    i.HAL_TIMEx_BreakCallback  stm32f1xx_hal_tim_ex.o
    0x080014ae   0x080014ae   0x00000002   Code   RO         2512    i.HAL_TIMEx_CommutCallback  stm32f1xx_hal_tim_ex.o
    0x080014b0   0x080014b0   0x00000068   Code   RO         2530    i.HAL_TIMEx_MasterConfigSynchronization  stm32f1xx_hal_tim_ex.o
    0x08001518   0x08001518   0x0000005a   Code   RO         1807    i.HAL_TIM_Base_Init  stm32f1xx_hal_tim.o
    0x08001572   0x08001572   0x00000002   PAD
    0x08001574   0x08001574   0x0000003c   Code   RO          267    i.HAL_TIM_Base_MspInit  tim.o
    0x080015b0   0x080015b0   0x00000058   Code   RO         1812    i.HAL_TIM_Base_Start_IT  stm32f1xx_hal_tim.o
    0x08001608   0x08001608   0x000000dc   Code   RO         1816    i.HAL_TIM_ConfigClockSource  stm32f1xx_hal_tim.o
    0x080016e4   0x080016e4   0x000000a4   Code   RO         1828    i.HAL_TIM_Encoder_Init  stm32f1xx_hal_tim.o
    0x08001788   0x08001788   0x0000008c   Code   RO          269    i.HAL_TIM_Encoder_MspInit  tim.o
    0x08001814   0x08001814   0x0000008e   Code   RO         1831    i.HAL_TIM_Encoder_Start  stm32f1xx_hal_tim.o
    0x080018a2   0x080018a2   0x00000002   Code   RO         1841    i.HAL_TIM_IC_CaptureCallback  stm32f1xx_hal_tim.o
    0x080018a4   0x080018a4   0x00000130   Code   RO         1855    i.HAL_TIM_IRQHandler  stm32f1xx_hal_tim.o
    0x080019d4   0x080019d4   0x0000004c   Code   RO          270    i.HAL_TIM_MspPostInit  tim.o
    0x08001a20   0x08001a20   0x00000002   Code   RO         1858    i.HAL_TIM_OC_DelayElapsedCallback  stm32f1xx_hal_tim.o
    0x08001a22   0x08001a22   0x000000cc   Code   RO         1879    i.HAL_TIM_PWM_ConfigChannel  stm32f1xx_hal_tim.o
    0x08001aee   0x08001aee   0x0000005a   Code   RO         1882    i.HAL_TIM_PWM_Init  stm32f1xx_hal_tim.o
    0x08001b48   0x08001b48   0x00000028   Code   RO          272    i.HAL_TIM_PWM_MspInit  tim.o
    0x08001b70   0x08001b70   0x00000002   Code   RO         1885    i.HAL_TIM_PWM_PulseFinishedCallback  stm32f1xx_hal_tim.o
    0x08001b72   0x08001b72   0x00000002   PAD
    0x08001b74   0x08001b74   0x0000009c   Code   RO         1887    i.HAL_TIM_PWM_Start  stm32f1xx_hal_tim.o
    0x08001c10   0x08001c10   0x00000018   Code   RO           14    i.HAL_TIM_PeriodElapsedCallback  main.o
    0x08001c28   0x08001c28   0x00000002   Code   RO         1898    i.HAL_TIM_TriggerCallback  stm32f1xx_hal_tim.o
    0x08001c2a   0x08001c2a   0x00000002   Code   RO         2790    i.HAL_UARTEx_RxEventCallback  stm32f1xx_hal_uart.o
    0x08001c2c   0x08001c2c   0x00000002   Code   RO         2804    i.HAL_UART_ErrorCallback  stm32f1xx_hal_uart.o
    0x08001c2e   0x08001c2e   0x00000002   PAD
    0x08001c30   0x08001c30   0x0000026c   Code   RO         2807    i.HAL_UART_IRQHandler  stm32f1xx_hal_uart.o
    0x08001e9c   0x08001e9c   0x00000064   Code   RO         2808    i.HAL_UART_Init     stm32f1xx_hal_uart.o
    0x08001f00   0x08001f00   0x000000cc   Code   RO          357    i.HAL_UART_MspInit  usart.o
    0x08001fcc   0x08001fcc   0x0000001c   Code   RO         2813    i.HAL_UART_Receive_IT  stm32f1xx_hal_uart.o
    0x08001fe8   0x08001fe8   0x00000014   Code   RO           15    i.HAL_UART_RxCpltCallback  main.o
    0x08001ffc   0x08001ffc   0x000000a0   Code   RO         2816    i.HAL_UART_Transmit  stm32f1xx_hal_uart.o
    0x0800209c   0x0800209c   0x00000002   Code   RO         2819    i.HAL_UART_TxCpltCallback  stm32f1xx_hal_uart.o
    0x0800209e   0x0800209e   0x00000002   Code   RO          406    i.HardFault_Handler  stm32f1xx_it.o
    0x080020a0   0x080020a0   0x00000050   Code   RO          226    i.MX_ADC1_Init      adc.o
    0x080020f0   0x080020f0   0x00000070   Code   RO          200    i.MX_GPIO_Init      gpio.o
    0x08002160   0x08002160   0x00000068   Code   RO          273    i.MX_TIM1_Init      tim.o
    0x080021c8   0x080021c8   0x00000068   Code   RO          274    i.MX_TIM2_Init      tim.o
    0x08002230   0x08002230   0x00000080   Code   RO          275    i.MX_TIM3_Init      tim.o
    0x080022b0   0x080022b0   0x0000006c   Code   RO          276    i.MX_TIM4_Init      tim.o
    0x0800231c   0x0800231c   0x00000038   Code   RO          358    i.MX_USART1_UART_Init  usart.o
    0x08002354   0x08002354   0x00000038   Code   RO          359    i.MX_USART2_UART_Init  usart.o
    0x0800238c   0x0800238c   0x00000002   Code   RO          407    i.MemManage_Handler  stm32f1xx_it.o
    0x0800238e   0x0800238e   0x00000002   PAD
    0x08002390   0x08002390   0x00000020   Code   RO         3253    i.Motor_GetPosition_m  motor.o
    0x080023b0   0x080023b0   0x0000004c   Code   RO         3255    i.Motor_Init        motor.o
    0x080023fc   0x080023fc   0x0000009a   Code   RO         3256    i.Motor_Set_PWM     motor.o
    0x08002496   0x08002496   0x00000002   PAD
    0x08002498   0x08002498   0x00000064   Code   RO         3257    i.Motor_Update_Speed  motor.o
    0x080024fc   0x080024fc   0x00000002   Code   RO          408    i.NMI_Handler       stm32f1xx_it.o
    0x080024fe   0x080024fe   0x0000008a   Code   RO         3305    i.PID_Calculate     pid.o
    0x08002588   0x08002588   0x0000001a   Code   RO         3306    i.PID_Init          pid.o
    0x080025a2   0x080025a2   0x00000002   Code   RO          409    i.PendSV_Handler    stm32f1xx_it.o
    0x080025a4   0x080025a4   0x00000002   Code   RO          410    i.SVC_Handler       stm32f1xx_it.o
    0x080025a6   0x080025a6   0x00000002   PAD
    0x080025a8   0x080025a8   0x00000050   Code   RO         3206    i.SetBaseSpeed      controller.o
    0x080025f8   0x080025f8   0x00000004   Code   RO          411    i.SysTick_Handler   stm32f1xx_it.o
    0x080025fc   0x080025fc   0x00000078   Code   RO           16    i.SystemClock_Config  main.o
    0x08002674   0x08002674   0x00000002   Code   RO         3142    i.SystemInit        system_stm32f1xx.o
    0x08002676   0x08002676   0x00000002   PAD
    0x08002678   0x08002678   0x0000000c   Code   RO          412    i.TIM1_UP_IRQHandler  stm32f1xx_it.o
    0x08002684   0x08002684   0x00000078   Code   RO         1900    i.TIM_Base_SetConfig  stm32f1xx_hal_tim.o
    0x080026fc   0x080026fc   0x0000001a   Code   RO         1901    i.TIM_CCxChannelCmd  stm32f1xx_hal_tim.o
    0x08002716   0x08002716   0x00000014   Code   RO         1911    i.TIM_ETR_SetConfig  stm32f1xx_hal_tim.o
    0x0800272a   0x0800272a   0x00000010   Code   RO         1912    i.TIM_ITRx_SetConfig  stm32f1xx_hal_tim.o
    0x0800273a   0x0800273a   0x00000002   PAD
    0x0800273c   0x0800273c   0x00000050   Code   RO         1913    i.TIM_OC1_SetConfig  stm32f1xx_hal_tim.o
    0x0800278c   0x0800278c   0x00000058   Code   RO         1914    i.TIM_OC2_SetConfig  stm32f1xx_hal_tim.o
    0x080027e4   0x080027e4   0x00000058   Code   RO         1915    i.TIM_OC3_SetConfig  stm32f1xx_hal_tim.o
    0x0800283c   0x0800283c   0x00000044   Code   RO         1916    i.TIM_OC4_SetConfig  stm32f1xx_hal_tim.o
    0x08002880   0x08002880   0x00000022   Code   RO         1918    i.TIM_TI1_ConfigInputStage  stm32f1xx_hal_tim.o
    0x080028a2   0x080028a2   0x00000024   Code   RO         1920    i.TIM_TI2_ConfigInputStage  stm32f1xx_hal_tim.o
    0x080028c6   0x080028c6   0x00000010   Code   RO         2821    i.UART_DMAAbortOnError  stm32f1xx_hal_uart.o
    0x080028d6   0x080028d6   0x0000004e   Code   RO         2831    i.UART_EndRxTransfer  stm32f1xx_hal_uart.o
    0x08002924   0x08002924   0x000000c2   Code   RO         2833    i.UART_Receive_IT   stm32f1xx_hal_uart.o
    0x080029e6   0x080029e6   0x00000002   PAD
    0x080029e8   0x080029e8   0x000000b8   Code   RO         2834    i.UART_SetConfig    stm32f1xx_hal_uart.o
    0x08002aa0   0x08002aa0   0x00000036   Code   RO         2836    i.UART_Start_Receive_IT  stm32f1xx_hal_uart.o
    0x08002ad6   0x08002ad6   0x00000072   Code   RO         2837    i.UART_WaitOnFlagUntilTimeout  stm32f1xx_hal_uart.o
    0x08002b48   0x08002b48   0x0000000c   Code   RO          413    i.USART2_IRQHandler  stm32f1xx_it.o
    0x08002b54   0x08002b54   0x00000002   Code   RO          414    i.UsageFault_Handler  stm32f1xx_it.o
    0x08002b56   0x08002b56   0x00000002   PAD
    0x08002b58   0x08002b58   0x0000000c   Code   RO         3326    i.VOFA_Init         vofa.o
    0x08002b64   0x08002b64   0x00000020   Code   RO         1318    i.__NVIC_SetPriority  stm32f1xx_hal_cortex.o
    0x08002b84   0x08002b84   0x000000b4   Code   RO         3207    i.gray_Controller_Update_Callback  controller.o
    0x08002c38   0x08002c38   0x000000c4   Code   RO           17    i.main              main.o
    0x08002cfc   0x08002cfc   0x0000002c   Code   RO         3606    locale$$code        c_w.l(lc_ctype_c.o)
    0x08002d28   0x08002d28   0x000000c4   Code   RO         3482    x$fpl$fadd          fz_ws.l(faddsub_clz.o)
    0x08002dec   0x08002dec   0x00000018   Code   RO         3529    x$fpl$fcmpinf       fz_ws.l(fcmpi.o)
    0x08002e04   0x08002e04   0x00000184   Code   RO         3489    x$fpl$fdiv          fz_ws.l(fdiv.o)
    0x08002f88   0x08002f88   0x00000036   Code   RO         3492    x$fpl$ffix          fz_ws.l(ffix.o)
    0x08002fbe   0x08002fbe   0x00000002   PAD
    0x08002fc0   0x08002fc0   0x00000030   Code   RO         3497    x$fpl$fflt          fz_ws.l(fflt_clz.o)
    0x08002ff0   0x08002ff0   0x00000026   Code   RO         3496    x$fpl$ffltu         fz_ws.l(fflt_clz.o)
    0x08003016   0x08003016   0x00000002   PAD
    0x08003018   0x08003018   0x00000068   Code   RO         3502    x$fpl$fleqf         fz_ws.l(fleqf.o)
    0x08003080   0x08003080   0x00000102   Code   RO         3504    x$fpl$fmul          fz_ws.l(fmul.o)
    0x08003182   0x08003182   0x0000008c   Code   RO         3531    x$fpl$fnaninf       fz_ws.l(fnaninf.o)
    0x0800320e   0x0800320e   0x0000000a   Code   RO         3533    x$fpl$fretinf       fz_ws.l(fretinf.o)
    0x08003218   0x08003218   0x00000062   Code   RO         3506    x$fpl$frleqf        fz_ws.l(frleqf.o)
    0x0800327a   0x0800327a   0x00000014   Code   RO         3483    x$fpl$frsb          fz_ws.l(faddsub_clz.o)
    0x0800328e   0x0800328e   0x00000002   PAD
    0x08003290   0x08003290   0x000000ea   Code   RO         3484    x$fpl$fsub          fz_ws.l(faddsub_clz.o)
    0x0800337a   0x0800337a   0x00000000   Code   RO         3535    x$fpl$usenofp       fz_ws.l(usenofp.o)
    0x0800337a   0x0800337a   0x00000012   Data   RO         1016    .constdata          stm32f1xx_hal_rcc.o
    0x0800338c   0x0800338c   0x00000010   Data   RO         3143    .constdata          system_stm32f1xx.o
    0x0800339c   0x0800339c   0x00000008   Data   RO         3144    .constdata          system_stm32f1xx.o
    0x080033a4   0x080033a4   0x00000020   Data   RO         3375    .constdata          gray.o
    0x080033c4   0x080033c4   0x00000020   Data   RO         3742    Region$$Table       anon$$obj.o
    0x080033e4   0x080033e4   0x00000110   Data   RO         3605    locale$$data        c_w.l(lc_ctype_c.o)


    Execution Region RW_IRAM1 (Exec base: 0x20000000, Load base: 0x080034f4, Size: 0x00000a18, Max: 0x00005000, ABSOLUTE)

    Exec Addr    Load Addr    Size         Type   Attr      Idx    E Section Name        Object

    0x20000000   0x080034f4   0x0000000c   Data   RW           25    .data               main.o
    0x2000000c   0x08003500   0x0000000c   Data   RW          853    .data               stm32f1xx_hal.o
    0x20000018   0x0800350c   0x00000004   Data   RW         3145    .data               system_stm32f1xx.o
    0x2000001c   0x08003510   0x00000004   Data   RW         3329    .data               vofa.o
    0x20000020   0x08003514   0x00000014   Data   RW         3376    .data               gray.o
    0x20000034        -       0x00000030   Zero   RW           18    .bss                main.o
    0x20000064        -       0x00000030   Zero   RW           19    .bss                main.o
    0x20000094        -       0x00000060   Zero   RW           20    .bss                main.o
    0x200000f4        -       0x00000030   Zero   RW           21    .bss                main.o
    0x20000124        -       0x00000030   Zero   RW           22    .bss                main.o
    0x20000154        -       0x00000030   Zero   RW           23    .bss                main.o
    0x20000184        -       0x00000030   Zero   RW          227    .bss                adc.o
    0x200001b4        -       0x00000120   Zero   RW          277    .bss                tim.o
    0x200002d4        -       0x00000090   Zero   RW          360    .bss                usart.o
    0x20000364        -       0x00000050   Zero   RW         3374    .bss                gray.o
    0x200003b4        -       0x00000060   Zero   RW         3537    .bss                c_w.l(libspace.o)
    0x20000414   0x08003528   0x00000004   PAD
    0x20000418        -       0x00000200   Zero   RW            2    HEAP                startup_stm32f103xb.o
    0x20000618        -       0x00000400   Zero   RW            1    STACK               startup_stm32f103xb.o


==============================================================================

Image component sizes


      Code (inc. data)   RO Data    RW Data    ZI Data      Debug   Object Name

       168         22          0          0         48       1585   adc.o
       104         32          0          0          0        459   bsp.o
       444        118          0          0          0       2188   controller.o
       112          8          0          0          0        875   gpio.o
       484         62         32         20         80       4796   gray.o
       364         40          0         12        336     445297   main.o
       362         20          0          0          0       2916   motor.o
       164          0          0          0          0       1431   pid.o
        64         26        236          0       1536        804   startup_stm32f103xb.o
       128         24          0         12          0       5249   stm32f1xx_hal.o
       622         24          0          0          0       3280   stm32f1xx_hal_adc.o
       198         14          0          0          0      28911   stm32f1xx_hal_cortex.o
       222          4          0          0          0       1755   stm32f1xx_hal_dma.o
       490         34          0          0          0       2872   stm32f1xx_hal_gpio.o
        60          8          0          0          0        838   stm32f1xx_hal_msp.o
      1240         84         18          0          0       5088   stm32f1xx_hal_rcc.o
       236         12          0          0          0       1372   stm32f1xx_hal_rcc_ex.o
      2042         56          0          0          0      17415   stm32f1xx_hal_tim.o
       108         12          0          0          0       2385   stm32f1xx_hal_tim_ex.o
      1554         10          0          0          0      10876   stm32f1xx_hal_uart.o
        44         12          0          0          0       4587   stm32f1xx_it.o
         2          0         24          4          0       1075   system_stm32f1xx.o
       760         82          0          0        288       5283   tim.o
       316         34          0          0        144       2303   usart.o
        12          6          0          4          0       1012   vofa.o

    ----------------------------------------------------------------------
     10332        744        342         52       2432     554652   Object Totals
         0          0         32          0          0          0   (incl. Generated)
        32          0          0          0          0          0   (incl. Padding)

    ----------------------------------------------------------------------

      Code (inc. data)   RO Data    RW Data    ZI Data      Debug   Library Member Name

         8          0          0          0          0         68   __main.o
         0          0          0          0          0          0   __rtentry.o
        12          0          0          0          0          0   __rtentry2.o
         6          0          0          0          0          0   __rtentry4.o
        52          8          0          0          0          0   __scatter.o
        26          0          0          0          0          0   __scatter_copy.o
        28          0          0          0          0          0   __scatter_zi.o
        28          0          0          0          0         68   _chval.o
       158          0          0          0          0         92   _strtoul.o
        26          0          0          0          0         80   atoi.o
        18          0          0          0          0         80   exit.o
         6          0          0          0          0        152   heapauxi.o
         0          0          0          0          0          0   indicate_semi.o
        44         10        272          0          0         76   lc_ctype_c.o
         2          0          0          0          0          0   libinit.o
        20          0          0          0          0          0   libinit2.o
         2          0          0          0          0          0   libshutdown.o
         2          0          0          0          0          0   libshutdown2.o
         8          4          0          0         96         68   libspace.o
        16          4          0          0          0         76   rt_ctype_table.o
         8          4          0          0          0         68   rt_errno_addr_intlibspace.o
         8          4          0          0          0         68   rt_locale_intlibspace.o
        68          0          0          0          0         68   rt_memclr.o
        78          0          0          0          0         80   rt_memclr_w.o
         2          0          0          0          0          0   rtexit.o
        10          0          0          0          0          0   rtexit2.o
        20          0          0          0          0         68   strchr.o
       128          0          0          0          0         68   strcmpv7m.o
       112          0          0          0          0         88   strtol.o
        12          4          0          0          0         68   sys_exit.o
        74          0          0          0          0         80   sys_stackheap_outer.o
         2          0          0          0          0         68   use_no_semi.o
       450          8          0          0          0        236   faddsub_clz.o
        24          0          0          0          0         68   fcmpi.o
       388         76          0          0          0         96   fdiv.o
        54          4          0          0          0         84   ffix.o
        86          0          0          0          0        136   fflt_clz.o
       104          4          0          0          0         84   fleqf.o
       258          4          0          0          0         84   fmul.o
       140          4          0          0          0         84   fnaninf.o
        10          0          0          0          0         68   fretinf.o
        98          0          0          0          0         68   frleqf.o
         0          0          0          0          0          0   usenofp.o

    ----------------------------------------------------------------------
      2610        138        272          0        100       2492   Library Totals
        14          0          0          0          4          0   (incl. Padding)

    ----------------------------------------------------------------------

      Code (inc. data)   RO Data    RW Data    ZI Data      Debug   Library Name

       984         38        272          0         96       1484   c_w.l
      1612        100          0          0          0       1008   fz_ws.l

    ----------------------------------------------------------------------
      2610        138        272          0        100       2492   Library Totals

    ----------------------------------------------------------------------

==============================================================================


      Code (inc. data)   RO Data    RW Data    ZI Data      Debug   

     12942        882        614         52       2532     550172   Grand Totals
     12942        882        614         52       2532     550172   ELF Image Totals
     12942        882        614         52          0          0   ROM Totals

==============================================================================

    Total RO  Size (Code + RO Data)                13556 (  13.24kB)
    Total RW  Size (RW Data + ZI Data)              2584 (   2.52kB)
    Total ROM Size (Code + RO Data + RW Data)      13608 (  13.29kB)

==============================================================================

